Component: ARM Compiler 5.05 update 1 (build 106) Tool: armlink [4d0efa]

==============================================================================

Section Cross References

    tasks.o(i.eTaskConfirmSleepModeStatus) refers to tasks.o(.bss) for .bss
    tasks.o(i.eTaskConfirmSleepModeStatus) refers to tasks.o(.data) for .data
    tasks.o(i.eTaskGetState) refers to port.o(.emb_text) for ulPortSetInterruptMask
    tasks.o(i.eTaskGetState) refers to port.o(i.vPortEnterCritical) for vPortEnterCritical
    tasks.o(i.eTaskGetState) refers to port.o(i.vPortExitCritical) for vPortExitCritical
    tasks.o(i.eTaskGetState) refers to tasks.o(.data) for .data
    tasks.o(i.eTaskGetState) refers to tasks.o(.bss) for .bss
    tasks.o(i.prvAddCurrentTaskToDelayedList) refers to list.o(i.vListInsert) for vListInsert
    tasks.o(i.prvAddCurrentTaskToDelayedList) refers to tasks.o(.data) for .data
    tasks.o(i.prvCheckTasksWaitingTermination) refers to tasks.o(i.vTaskSuspendAll) for vTaskSuspendAll
    tasks.o(i.prvCheckTasksWaitingTermination) refers to tasks.o(i.xTaskResumeAll) for xTaskResumeAll
    tasks.o(i.prvCheckTasksWaitingTermination) refers to port.o(i.vPortEnterCritical) for vPortEnterCritical
    tasks.o(i.prvCheckTasksWaitingTermination) refers to list.o(i.uxListRemove) for uxListRemove
    tasks.o(i.prvCheckTasksWaitingTermination) refers to port.o(i.vPortExitCritical) for vPortExitCritical
    tasks.o(i.prvCheckTasksWaitingTermination) refers to heap_4.o(i.vPortFree) for vPortFree
    tasks.o(i.prvCheckTasksWaitingTermination) refers to tasks.o(.bss) for .bss
    tasks.o(i.prvCheckTasksWaitingTermination) refers to tasks.o(.data) for .data
    tasks.o(i.prvGetExpectedIdleTime) refers to tasks.o(.data) for .data
    tasks.o(i.prvGetExpectedIdleTime) refers to tasks.o(.bss) for .bss
    tasks.o(i.prvIdleTask) refers to tasks.o(i.prvCheckTasksWaitingTermination) for prvCheckTasksWaitingTermination
    tasks.o(i.prvIdleTask) refers to port.o(i.vPortYield) for vPortYield
    tasks.o(i.prvIdleTask) refers to tasks.o(i.prvGetExpectedIdleTime) for prvGetExpectedIdleTime
    tasks.o(i.prvIdleTask) refers to tasks.o(i.vTaskSuspendAll) for vTaskSuspendAll
    tasks.o(i.prvIdleTask) refers to port.o(.emb_text) for ulPortSetInterruptMask
    tasks.o(i.prvIdleTask) refers to port.o(i.vPortSuppressTicksAndSleep) for vPortSuppressTicksAndSleep
    tasks.o(i.prvIdleTask) refers to tasks.o(i.xTaskResumeAll) for xTaskResumeAll
    tasks.o(i.prvIdleTask) refers to tasks.o(.bss) for .bss
    tasks.o(i.prvIdleTask) refers to tasks.o(.data) for .data
    tasks.o(i.prvResetNextTaskUnblockTime) refers to tasks.o(.data) for .data
    tasks.o(i.prvTaskIsTaskSuspended) refers to port.o(.emb_text) for ulPortSetInterruptMask
    tasks.o(i.prvTaskIsTaskSuspended) refers to tasks.o(.bss) for .bss
    tasks.o(i.pvTaskIncrementMutexHeldCount) refers to tasks.o(.data) for .data
    tasks.o(i.ulTaskNotifyTake) refers to port.o(i.vPortEnterCritical) for vPortEnterCritical
    tasks.o(i.ulTaskNotifyTake) refers to list.o(i.uxListRemove) for uxListRemove
    tasks.o(i.ulTaskNotifyTake) refers to tasks.o(i.prvAddCurrentTaskToDelayedList) for prvAddCurrentTaskToDelayedList
    tasks.o(i.ulTaskNotifyTake) refers to port.o(i.vPortYield) for vPortYield
    tasks.o(i.ulTaskNotifyTake) refers to port.o(i.vPortExitCritical) for vPortExitCritical
    tasks.o(i.ulTaskNotifyTake) refers to list.o(i.vListInsertEnd) for vListInsertEnd
    tasks.o(i.ulTaskNotifyTake) refers to tasks.o(.data) for .data
    tasks.o(i.ulTaskNotifyTake) refers to tasks.o(.bss) for .bss
    tasks.o(i.uxTaskGetNumberOfTasks) refers to tasks.o(.data) for .data
    tasks.o(i.uxTaskGetSystemState) refers to tasks.o(i.vTaskSuspendAll) for vTaskSuspendAll
    tasks.o(i.uxTaskGetSystemState) refers to tasks.o(i.prvListTaskWithinSingleList) for prvListTaskWithinSingleList
    tasks.o(i.uxTaskGetSystemState) refers to tasks.o(i.xTaskResumeAll) for xTaskResumeAll
    tasks.o(i.uxTaskGetSystemState) refers to tasks.o(.data) for .data
    tasks.o(i.uxTaskGetSystemState) refers to tasks.o(.bss) for .bss
    tasks.o(i.uxTaskPriorityGet) refers to port.o(i.vPortEnterCritical) for vPortEnterCritical
    tasks.o(i.uxTaskPriorityGet) refers to port.o(i.vPortExitCritical) for vPortExitCritical
    tasks.o(i.uxTaskPriorityGet) refers to tasks.o(.data) for .data
    tasks.o(i.uxTaskPriorityGetFromISR) refers to port.o(i.vPortValidateInterruptPriority) for vPortValidateInterruptPriority
    tasks.o(i.uxTaskPriorityGetFromISR) refers to port.o(.emb_text) for ulPortSetInterruptMask
    tasks.o(i.uxTaskPriorityGetFromISR) refers to tasks.o(.data) for .data
    tasks.o(i.uxTaskResetEventItemValue) refers to tasks.o(.data) for .data
    tasks.o(i.vTaskDelay) refers to port.o(.emb_text) for ulPortSetInterruptMask
    tasks.o(i.vTaskDelay) refers to tasks.o(i.vTaskSuspendAll) for vTaskSuspendAll
    tasks.o(i.vTaskDelay) refers to list.o(i.uxListRemove) for uxListRemove
[...]
    i._printf_post_padding                   0x08005cdc   Section        0  printf8.o(i._printf_post_padding)
    _printf_post_padding                     0x08005cdd   Thumb Code    36  printf8.o(i._printf_post_padding)
    i._printf_pre_padding                    0x08005d00   Section        0  printf8.o(i._printf_pre_padding)
    _printf_pre_padding                      0x08005d01   Thumb Code    46  printf8.o(i._printf_pre_padding)
    i._snputc                                0x08005d2e   Section        0  printf8.o(i._snputc)
    _snputc                                  0x08005d2f   Thumb Code    22  printf8.o(i._snputc)
    i._sputc                                 0x08005d44   Section        0  printf8.o(i._sputc)
    _sputc                                   0x08005d45   Thumb Code    10  printf8.o(i._sputc)
    i.data_eeprom_read                       0x08005d50   Section        0  eeprom.o(i.data_eeprom_read)
    i.data_eeprom_write                      0x08005d84   Section        0  eeprom.o(i.data_eeprom_write)
    i.eTaskConfirmSleepModeStatus            0x08005dfc   Section        0  tasks.o(i.eTaskConfirmSleepModeStatus)
    i.fputc                                  0x08005e2c   Section        0  usart.o(i.fputc)
    i.get_sys_time                           0x08005e44   Section        0  sys_time_module.o(i.get_sys_time)
    i.inHandlerMode                          0x08005ea0   Section        0  cmsis_os.o(i.inHandlerMode)
    inHandlerMode                            0x08005ea1   Thumb Code    12  cmsis_os.o(i.inHandlerMode)
    i.init_measure_module                    0x08005eac   Section        0  measure_moudle.o(i.init_measure_module)
    i.init_sys_time_module                   0x08005f3c   Section        0  sys_time_module.o(i.init_sys_time_module)
    i.init_usart_module                      0x08005fa8   Section        0  usart_module.o(i.init_usart_module)
    i.isLeapYear                             0x080060a8   Section        0  time_related.o(i.isLeapYear)
    i.l_mktime                               0x080060d0   Section        0  time_related.o(i.l_mktime)
    i.main                                   0x08006130   Section        0  main.o(i.main)
    i.makeFreeRtosPriority                   0x08006146   Section        0  cmsis_os.o(i.makeFreeRtosPriority)
    makeFreeRtosPriority                     0x08006147   Thumb Code    12  cmsis_os.o(i.makeFreeRtosPriority)
    i.osDelay                                0x08006152   Section        0  cmsis_os.o(i.osDelay)
    i.osKernelStart                          0x08006160   Section        0  cmsis_os.o(i.osKernelStart)
    i.osMutexCreate                          0x0800616a   Section        0  cmsis_os.o(i.osMutexCreate)
    i.osMutexRelease                         0x08006170   Section        0  cmsis_os.o(i.osMutexRelease)
    i.osMutexWait                            0x080061b8   Section        0  cmsis_os.o(i.osMutexWait)
    i.osSemaphoreCreate                      0x08006218   Section        0  cmsis_os.o(i.osSemaphoreCreate)
    i.osSemaphoreRelease                     0x08006248   Section        0  cmsis_os.o(i.osSemaphoreRelease)
    i.osSemaphoreWait                        0x08006290   Section        0  cmsis_os.o(i.osSemaphoreWait)
    i.osSystickHandler                       0x080062f0   Section        0  cmsis_os.o(i.osSystickHandler)
    i.osThreadCreate                         0x08006304   Section        0  cmsis_os.o(i.osThreadCreate)
    i.prvAddCurrentTaskToDelayedList         0x0800633c   Section        0  tasks.o(i.prvAddCurrentTaskToDelayedList)
    prvAddCurrentTaskToDelayedList           0x0800633d   Thumb Code    48  tasks.o(i.prvAddCurrentTaskToDelayedList)
    i.prvCheckTasksWaitingTermination        0x08006370   Section        0  tasks.o(i.prvCheckTasksWaitingTermination)
    prvCheckTasksWaitingTermination          0x08006371   Thumb Code    76  tasks.o(i.prvCheckTasksWaitingTermination)
    i.prvCopyDataFromQueue                   0x080063c4   Section        0  queue.o(i.prvCopyDataFromQueue)
    prvCopyDataFromQueue                     0x080063c5   Thumb Code    38  queue.o(i.prvCopyDataFromQueue)
    i.prvCopyDataToQueue                     0x080063ea   Section        0  queue.o(i.prvCopyDataToQueue)
    prvCopyDataToQueue                       0x080063eb   Thumb Code   110  queue.o(i.prvCopyDataToQueue)
    i.prvGetExpectedIdleTime                 0x08006458   Section        0  tasks.o(i.prvGetExpectedIdleTime)
    prvGetExpectedIdleTime                   0x08006459   Thumb Code    28  tasks.o(i.prvGetExpectedIdleTime)
    i.prvHeapInit                            0x0800647c   Section        0  heap_4.o(i.prvHeapInit)
    prvHeapInit                              0x0800647d   Thumb Code    66  heap_4.o(i.prvHeapInit)
    i.prvIdleTask                            0x080064c8   Section        0  tasks.o(i.prvIdleTask)
    prvIdleTask                              0x080064c9   Thumb Code    62  tasks.o(i.prvIdleTask)
    i.prvInsertBlockIntoFreeList             0x08006510   Section        0  heap_4.o(i.prvInsertBlockIntoFreeList)
    prvInsertBlockIntoFreeList               0x08006511   Thumb Code    72  heap_4.o(i.prvInsertBlockIntoFreeList)
    i.prvResetNextTaskUnblockTime            0x0800655c   Section        0  tasks.o(i.prvResetNextTaskUnblockTime)
    prvResetNextTaskUnblockTime              0x0800655d   Thumb Code    26  tasks.o(i.prvResetNextTaskUnblockTime)
    i.prvTaskExitError                       0x0800657c   Section        0  port.o(i.prvTaskExitError)
    prvTaskExitError                         0x0800657d   Thumb Code    20  port.o(i.prvTaskExitError)
    i.prvUnlockQueue                         0x08006594   Section        0  queue.o(i.prvUnlockQueue)
    prvUnlockQueue                           0x08006595   Thumb Code   100  queue.o(i.prvUnlockQueue)
    i.pvPortMalloc                           0x080065f8   Section        0  heap_4.o(i.pvPortMalloc)
    i.pvTaskIncrementMutexHeldCount          0x080066b4   Section        0  tasks.o(i.pvTaskIncrementMutexHeldCount)
    i.pxPortInitialiseStack                  0x080066cc   Section        0  port.o(i.pxPortInitialiseStack)
    i.start_measure                          0x080066ec   Section        0  measure_moudle.o(i.start_measure)
    i.sync_time                              0x08006708   Section        0  time_related.o(i.sync_time)
    i.uxListRemove                           0x080067ac   Section        0  list.o(i.uxListRemove)
    i.vListInitialise                        0x080067d0   Section        0  list.o(i.vListInitialise)
    i.vListInitialiseItem                    0x080067e6   Section        0  list.o(i.vListInitialiseItem)
    i.vListInsert                            0x080067ec   Section        0  list.o(i.vListInsert)
    i.vListInsertEnd                         0x0800681c   Section        0  list.o(i.vListInsertEnd)
    i.vPortEnterCritical                     0x08006834   Section        0  port.o(i.vPortEnterCritical)
    i.vPortExitCritical                      0x08006868   Section        0  port.o(i.vPortExitCritical)
    i.vPortFree                              0x0800688c   Section        0  heap_4.o(i.vPortFree)
    i.vPortSetupTimerInterrupt               0x080068d4   Section        0  port.o(i.vPortSetupTimerInterrupt)
    i.vPortSuppressTicksAndSleep             0x08006918   Section        0  port.o(i.vPortSuppressTicksAndSleep)
    i.vPortValidateInterruptPriority         0x080069f8   Section        0  port.o(i.vPortValidateInterruptPriority)
    i.vPortYield                             0x08006a38   Section        0  port.o(i.vPortYield)
    i.vTaskDelay                             0x08006a50   Section        0  tasks.o(i.vTaskDelay)
    i.vTaskMissedYield                       0x08006aa0   Section        0  tasks.o(i.vTaskMissedYield)
    i.vTaskPlaceOnEventList                  0x08006aac   Section        0  tasks.o(i.vTaskPlaceOnEventList)
    i.vTaskPriorityInherit                   0x08006b04   Section        0  tasks.o(i.vTaskPriorityInherit)
    i.vTaskSetTimeOutState                   0x08006b88   Section        0  tasks.o(i.vTaskSetTimeOutState)
    i.vTaskStartScheduler                    0x08006ba4   Section        0  tasks.o(i.vTaskStartScheduler)
    i.vTaskStepTick                          0x08006bf8   Section        0  tasks.o(i.vTaskStepTick)
    i.vTaskSuspendAll                        0x08006c18   Section        0  tasks.o(i.vTaskSuspendAll)
    i.vTaskSwitchContext                     0x08006c28   Section        0  tasks.o(i.vTaskSwitchContext)
    i.xPortStartScheduler                    0x08006c7c   Section        0  port.o(i.xPortStartScheduler)
    i.xPortSysTickHandler                    0x08006cf0   Section        0  port.o(i.xPortSysTickHandler)
    i.xQueueCreateCountingSemaphore          0x08006d14   Section        0  queue.o(i.xQueueCreateCountingSemaphore)
    i.xQueueCreateMutex                      0x08006d3e   Section        0  queue.o(i.xQueueCreateMutex)
    i.xQueueGenericCreate                    0x08006d88   Section        0  queue.o(i.xQueueGenericCreate)
    i.xQueueGenericReceive                   0x08006dd8   Section        0  queue.o(i.xQueueGenericReceive)
    i.xQueueGenericReset                     0x08006f06   Section        0  queue.o(i.xQueueGenericReset)
    i.xQueueGenericSend                      0x08006f70   Section        0  queue.o(i.xQueueGenericSend)
    i.xQueueGiveFromISR                      0x08007084   Section        0  queue.o(i.xQueueGiveFromISR)
    i.xQueueReceiveFromISR                   0x080070fa   Section        0  queue.o(i.xQueueReceiveFromISR)
    i.xTaskCheckForTimeOut                   0x08007170   Section        0  tasks.o(i.xTaskCheckForTimeOut)
    i.xTaskGenericCreate                     0x080071c8   Section        0  tasks.o(i.xTaskGenericCreate)
    i.xTaskGetSchedulerState                 0x08007354   Section        0  tasks.o(i.xTaskGetSchedulerState)
    i.xTaskIncrementTick                     0x08007370   Section        0  tasks.o(i.xTaskIncrementTick)
    i.xTaskPriorityDisinherit                0x08007430   Section        0  tasks.o(i.xTaskPriorityDisinherit)
    i.xTaskRemoveFromEventList               0x080074b4   Section        0  tasks.o(i.xTaskRemoveFromEventList)
    i.xTaskResumeAll                         0x08007524   Section        0  tasks.o(i.xTaskResumeAll)
    .constdata                               0x080075d0   Section       25  system_stm32l1xx.o(.constdata)
    .constdata                               0x080075e9   Section        8  system_stm32l1xx.o(.constdata)
    .constdata                               0x080075f4   Section       20  usart_module.o(.constdata)
    .constdata                               0x08007608   Section       20  sys_time_module.o(.constdata)
    .constdata                               0x0800761c   Section       20  measure_moudle.o(.constdata)
    .constdata                               0x08007630   Section       52  time_related.o(.constdata)
    .constdata                               0x08007664   Section       52  sensor.o(.constdata)
    MONTH_DAY                                0x08007664   Data          52  sensor.o(.constdata)
    .constdata                               0x08007698   Section      512  crc.o(.constdata)
    tabel                                    0x08007698   Data         512  crc.o(.constdata)
    .conststring                             0x08007898   Section        7  usart_module.o(.conststring)
    .conststring                             0x080078a0   Section        8  sys_time_module.o(.conststring)
    .conststring                             0x080078a8   Section        8  measure_moudle.o(.conststring)
    .conststring                             0x080078b0   Section       91  sensor.o(.conststring)
    .data                                    0x20000000   Section       56  tasks.o(.data)
    uxTasksDeleted                           0x20000004   Data           4  tasks.o(.data)
    uxCurrentNumberOfTasks                   0x20000008   Data           4  tasks.o(.data)
    xTickCount                               0x2000000c   Data           4  tasks.o(.data)
    uxTopReadyPriority                       0x20000010   Data           4  tasks.o(.data)
    xSchedulerRunning                        0x20000014   Data           4  tasks.o(.data)
    uxPendedTicks                            0x20000018   Data           4  tasks.o(.data)
    xYieldPending                            0x2000001c   Data           4  tasks.o(.data)
    xNumOfOverflows                          0x20000020   Data           4  tasks.o(.data)
    uxTaskNumber                             0x20000024   Data           4  tasks.o(.data)
    xNextTaskUnblockTime                     0x20000028   Data           4  tasks.o(.data)
    uxSchedulerSuspended                     0x2000002c   Data           4  tasks.o(.data)
    pxDelayedTaskList                        0x20000030   Data           4  tasks.o(.data)
    pxOverflowDelayedTaskList                0x20000034   Data           4  tasks.o(.data)
    .data                                    0x20000038   Section        4  system_stm32l1xx.o(.data)
    .data                                    0x2000003c   Section       48  usart_module.o(.data)
    cr1_begin                                0x2000003c   Data           1  usart_module.o(.data)
    rx1_cplt                                 0x2000003d   Data           1  usart_module.o(.data)
    rx1_count                                0x20000054   Data           4  usart_module.o(.data)
    Usart_Date                               0x20000058   Data           4  usart_module.o(.data)
    Usart1ThreadHandle                       0x2000005c   Data           4  usart_module.o(.data)
    semaphore_usart1                         0x20000060   Data           4  usart_module.o(.data)
    b                                        0x20000064   Data           8  usart_module.o(.data)
    .data                                    0x2000006c   Section       32  sys_time_module.o(.data)
    first_power                              0x2000006c   Data           1  sys_time_module.o(.data)
    second_data                              0x20000070   Data           4  sys_time_module.o(.data)
    i                                        0x20000074   Data           4  sys_time_module.o(.data)
    j                                        0x20000078   Data           4  sys_time_module.o(.data)
    sys_date                                 0x2000007c   Data           4  sys_time_module.o(.data)
    SysTimeThreadHandle                      0x20000080   Data           4  sys_time_module.o(.data)
    semaphore                                0x20000084   Data           4  sys_time_module.o(.data)
    mutex                                    0x20000088   Data           4  sys_time_module.o(.data)
    .data                                    0x2000008c   Section       12  measure_moudle.o(.data)
    MeasureThreadHandle                      0x20000090   Data           4  measure_moudle.o(.data)
    semaphore                                0x20000094   Data           4  measure_moudle.o(.data)
    .data                                    0x20000098   Section        4  sd_io_low.o(.data)
    .data                                    0x2000009c   Section       14  pcf8563.o(.data)
    .data                                    0x200000ac   Section        4  stm32l1xx_hal.o(.data)
    .data                                    0x200000b0   Section       24  port.o(.data)
    ucMaxSysCallPriority                     0x200000b0   Data           1  port.o(.data)
    uxCriticalNesting                        0x200000b4   Data           4  port.o(.data)
    ulTimerCountsForOneTick                  0x200000b8   Data           4  port.o(.data)
    xMaximumPossibleSuppressedTicks          0x200000bc   Data           4  port.o(.data)
    ulStoppedTimerCompensation               0x200000c0   Data           4  port.o(.data)
    ulMaxPRIGROUPValue                       0x200000c4   Data           4  port.o(.data)
    .data                                    0x200000c8   Section       24  heap_4.o(.data)
    pxEnd                                    0x200000c8   Data           4  heap_4.o(.data)
    xFreeBytesRemaining                      0x200000cc   Data           4  heap_4.o(.data)
    xMinimumEverFreeBytesRemaining           0x200000d0   Data           4  heap_4.o(.data)
    xBlockAllocatedBit                       0x200000d4   Data           4  heap_4.o(.data)
    xStart                                   0x200000d8   Data           8  heap_4.o(.data)
    .data                                    0x200000e0   Section        1  stm32_adafruit_sd.o(.data)
    .data                                    0x200000e4   Section        4  stdout.o(.data)
    .bss                                     0x200000e8   Section      240  tasks.o(.bss)
    pxReadyTasksLists                        0x200000e8   Data         140  tasks.o(.bss)
    xDelayedTaskList1                        0x20000174   Data          20  tasks.o(.bss)
    xDelayedTaskList2                        0x20000188   Data          20  tasks.o(.bss)
    xPendingReadyList                        0x2000019c   Data          20  tasks.o(.bss)
    xTasksWaitingTermination                 0x200001b0   Data          20  tasks.o(.bss)
    xSuspendedTaskList                       0x200001c4   Data          20  tasks.o(.bss)
    .bss                                     0x200001d8   Section      532  usart_module.o(.bss)
    rx1_buffer                               0x200001d8   Data         512  usart_module.o(.bss)
    Usart_Time                               0x200003d8   Data          20  usart_module.o(.bss)
    .bss                                     0x200003ec   Section       20  sys_time_module.o(.bss)
    sys_time                                 0x200003ec   Data          20  sys_time_module.o(.bss)
    .bss                                     0x20000400   Section       64  usart.o(.bss)
    .bss                                     0x20000440   Section       32  rtc.o(.bss)
    .bss                                     0x20000460   Section       12  iwdg.o(.bss)
    .bss                                     0x2000046c   Section       88  sd_io_low.o(.bss)
    hsd_Spi                                  0x2000046c   Data          88  sd_io_low.o(.bss)
    .bss                                     0x200004c4   Section       84  adc.o(.bss)
    .bss                                     0x20000518   Section      292  sensor.o(.bss)
    .bss                                     0x2000063c   Section       17  sensor.o(.bss)
    .bss                                     0x2000064d   Section       17  sensor.o(.bss)
    .bss                                     0x2000065e   Section      512  sensor.o(.bss)
    .bss                                     0x2000085e   Section      512  sensor.o(.bss)
    .bss                                     0x20000a60   Section       24  stm32l1xx_hal_flash.o(.bss)
    .bss                                     0x20000a78   Section     5120  heap_4.o(.bss)
    ucHeap                                   0x20000a78   Data        5120  heap_4.o(.bss)
    STACK                                    0x20001e78   Section     1024  startup_stm32l152xc.o(STACK)

    Global Symbols

    Symbol Name                              Value     Ov Type        Size  Object(Section)

    BuildAttributes$$THM_ISAv4$P$D$K$B$S$PE$A:L22UL41UL21$X:L11$S22US41US21$IEEE1$IW$USESV6$~STKCKD$USESV7$~SHL$OTIME$ROPI$EBA8$MICROLIB$REQ8$PRES8$EABIv2 0x00000000   Number         0  anon$$obj.o ABSOLUTE
    __ARM_use_no_argv                        0x00000000   Number         0  main.o ABSOLUTE
    _printf_a                                0x00000000   Number         0  stubs.o ABSOLUTE
    _printf_c                                0x00000000   Number         0  stubs.o ABSOLUTE
    _printf_charcount                        0x00000000   Number         0  stubs.o ABSOLUTE
    _printf_d                                0x00000000   Number         0  stubs.o ABSOLUTE
    _printf_e                                0x00000000   Number         0  stubs.o ABSOLUTE
    _printf_f                                0x00000000   Number         0  stubs.o ABSOLUTE
    _printf_flags                            0x00000000   Number         0  stubs.o ABSOLUTE
    _printf_fp_dec                           0x00000000   Number         0  stubs.o ABSOLUTE
    _printf_fp_hex                           0x00000000   Number         0  stubs.o ABSOLUTE
    _printf_g                                0x00000000   Number         0  stubs.o ABSOLUTE
    _printf_i                                0x00000000   Number         0  stubs.o ABSOLUTE
    _printf_int_dec                          0x00000000   Number         0  stubs.o ABSOLUTE
    _printf_l                                0x00000000   Number         0  stubs.o ABSOLUTE
    _printf_lc                               0x00000000   Number         0  stubs.o ABSOLUTE
    _printf_ll                               0x00000000   Number         0  stubs.o ABSOLUTE
    _printf_lld                              0x00000000   Number         0  stubs.o ABSOLUTE
    _printf_lli                              0x00000000   Number         0  stubs.o ABSOLUTE
    _printf_llo                              0x00000000   Number         0  stubs.o ABSOLUTE
    _printf_llu                              0x00000000   Number         0  stubs.o ABSOLUTE
    _printf_llx                              0x00000000   Number         0  stubs.o ABSOLUTE
    _printf_longlong_dec                     0x00000000   Number         0  stubs.o ABSOLUTE
    _printf_longlong_hex                     0x00000000   Number         0  stubs.o ABSOLUTE
    _printf_longlong_oct                     0x00000000   Number         0  stubs.o ABSOLUTE
    _printf_ls                               0x00000000   Number         0  stubs.o ABSOLUTE
    _printf_mbtowc                           0x00000000   Number         0  stubs.o ABSOLUTE
    _printf_n                                0x00000000   Number         0  stubs.o ABSOLUTE
    _printf_o                                0x00000000   Number         0  stubs.o ABSOLUTE
    _printf_p                                0x00000000   Number         0  stubs.o ABSOLUTE
    _printf_percent                          0x00000000   Number         0  stubs.o ABSOLUTE
    _printf_pre_padding                      0x00000000   Number         0  stubs.o ABSOLUTE
    _printf_return_value                     0x00000000   Number         0  stubs.o ABSOLUTE
    _printf_s                                0x00000000   Number         0  stubs.o ABSOLUTE
    _printf_sizespec                         0x00000000   Number         0  stubs.o ABSOLUTE
    _printf_str                              0x00000000   Number         0  stubs.o ABSOLUTE
    _printf_truncate_signed                  0x00000000   Number         0  stubs.o ABSOLUTE
    _printf_truncate_unsigned                0x00000000   Number         0  stubs.o ABSOLUTE
    _printf_u                                0x00000000   Number         0  stubs.o ABSOLUTE
    _printf_wc                               0x00000000   Number         0  stubs.o ABSOLUTE
    _printf_wctomb                           0x00000000   Number         0  stubs.o ABSOLUTE
    _printf_widthprec                        0x00000000   Number         0  stubs.o ABSOLUTE
    _printf_x                                0x00000000   Number         0  stubs.o ABSOLUTE
    __cpp_initialize__aeabi_                  - Undefined Weak Reference
    __cxa_finalize                            - Undefined Weak Reference
    __decompress                              - Undefined Weak Reference
    _clock_init                               - Undefined Weak Reference
    _microlib_exit                            - Undefined Weak Reference
    __Vectors_Size                           0x00000124   Number         0  startup_stm32l152xc.o ABSOLUTE
    __Vectors                                0x08000000   Data           4  startup_stm32l152xc.o(RESET)
    __Vectors_End                            0x08000124   Data           0  startup_stm32l152xc.o(RESET)
    __main                                   0x08000125   Thumb Code     0  entry.o(.ARM.Collect$$$$00000000)
    _main_stk                                0x08000125   Thumb Code     0  entry2.o(.ARM.Collect$$$$00000001)
    _main_scatterload                        0x08000129   Thumb Code     0  entry5.o(.ARM.Collect$$$$00000004)
    __main_after_scatterload                 0x0800012d   Thumb Code     0  entry5.o(.ARM.Collect$$$$00000004)
    _main_clock                              0x0800012d   Thumb Code     0  entry7b.o(.ARM.Collect$$$$00000008)
    _main_cpp_init                           0x0800012d   Thumb Code     0  entry8b.o(.ARM.Collect$$$$0000000A)
    _main_init                               0x0800012d   Thumb Code     0  entry9a.o(.ARM.Collect$$$$0000000B)
    __rt_final_cpp                           0x08000135   Thumb Code     0  entry10a.o(.ARM.Collect$$$$0000000D)
    __rt_final_exit                          0x08000135   Thumb Code     0  entry11a.o(.ARM.Collect$$$$0000000F)
    SVC_Handler                              0x08000139   Thumb Code    32  port.o(.emb_text)
    __asm___6_port_c_39a90d8d__prvStartFirstTask 0x0800015d   Thumb Code    28  port.o(.emb_text)
    PendSV_Handler                           0x0800017d   Thumb Code    64  port.o(.emb_text)
    ulPortSetInterruptMask                   0x080001c1   Thumb Code    14  port.o(.emb_text)
    vPortClearInterruptMask                  0x080001cf   Thumb Code     6  port.o(.emb_text)
    vPortGetIPSR                             0x080001d5   Thumb Code     6  port.o(.emb_text)
    Reset_Handler                            0x080001dd   Thumb Code     8  startup_stm32l152xc.o(.text)
    ADC1_IRQHandler                          0x080001f7   Thumb Code     0  startup_stm32l152xc.o(.text)
    COMP_ACQ_IRQHandler                      0x080001f7   Thumb Code     0  startup_stm32l152xc.o(.text)
    COMP_IRQHandler                          0x080001f7   Thumb Code     0  startup_stm32l152xc.o(.text)
    DAC_IRQHandler                           0x080001f7   Thumb Code     0  startup_stm32l152xc.o(.text)
    DMA1_Channel1_IRQHandler                 0x080001f7   Thumb Code     0  startup_stm32l152xc.o(.text)
    DMA1_Channel2_IRQHandler                 0x080001f7   Thumb Code     0  startup_stm32l152xc.o(.text)
    DMA1_Channel3_IRQHandler                 0x080001f7   Thumb Code     0  startup_stm32l152xc.o(.text)
    DMA1_Channel4_IRQHandler                 0x080001f7   Thumb Code     0  startup_stm32l152xc.o(.text)
    DMA1_Channel5_IRQHandler                 0x080001f7   Thumb Code     0  startup_stm32l152xc.o(.text)
    DMA1_Channel6_IRQHandler                 0x080001f7   Thumb Code     0  startup_stm32l152xc.o(.text)
    DMA1_Channel7_IRQHandler                 0x080001f7   Thumb Code     0  startup_stm32l152xc.o(.text)
    DMA2_Channel1_IRQHandler                 0x080001f7   Thumb Code     0  startup_stm32l152xc.o(.text)
    DMA2_Channel2_IRQHandler                 0x080001f7   Thumb Code     0  startup_stm32l152xc.o(.text)
    DMA2_Channel3_IRQHandler                 0x080001f7   Thumb Code     0  startup_stm32l152xc.o(.text)
    DMA2_Channel4_IRQHandler                 0x080001f7   Thumb Code     0  startup_stm32l152xc.o(.text)
    DMA2_Channel5_IRQHandler                 0x080001f7   Thumb Code     0  startup_stm32l152xc.o(.text)
    EXTI0_IRQHandler                         0x080001f7   Thumb Code     0  startup_stm32l152xc.o(.text)
    EXTI15_10_IRQHandler                     0x080001f7   Thumb Code     0  startup_stm32l152xc.o(.text)
    EXTI1_IRQHandler                         0x080001f7   Thumb Code     0  startup_stm32l152xc.o(.text)
    EXTI2_IRQHandler                         0x080001f7   Thumb Code     0  startup_stm32l152xc.o(.text)
    EXTI3_IRQHandler                         0x080001f7   Thumb Code     0  startup_stm32l152xc.o(.text)
    EXTI4_IRQHandler                         0x080001f7   Thumb Code     0  startup_stm32l152xc.o(.text)
    FLASH_IRQHandler                         0x080001f7   Thumb Code     0  startup_stm32l152xc.o(.text)
    I2C1_ER_IRQHandler                       0x080001f7   Thumb Code     0  startup_stm32l152xc.o(.text)
    I2C1_EV_IRQHandler                       0x080001f7   Thumb Code     0  startup_stm32l152xc.o(.text)
    I2C2_ER_IRQHandler                       0x080001f7   Thumb Code     0  startup_stm32l152xc.o(.text)
    I2C2_EV_IRQHandler                       0x080001f7   Thumb Code     0  startup_stm32l152xc.o(.text)
    PVD_IRQHandler                           0x080001f7   Thumb Code     0  startup_stm32l152xc.o(.text)
    RCC_IRQHandler                           0x080001f7   Thumb Code     0  startup_stm32l152xc.o(.text)
    RTC_WKUP_IRQHandler                      0x080001f7   Thumb Code     0  startup_stm32l152xc.o(.text)
    SPI1_IRQHandler                          0x080001f7   Thumb Code     0  startup_stm32l152xc.o(.text)
    SPI2_IRQHandler                          0x080001f7   Thumb Code     0  startup_stm32l152xc.o(.text)
    SPI3_IRQHandler                          0x080001f7   Thumb Code     0  startup_stm32l152xc.o(.text)
    TAMPER_STAMP_IRQHandler                  0x080001f7   Thumb Code     0  startup_stm32l152xc.o(.text)
    TIM10_IRQHandler                         0x080001f7   Thumb Code     0  startup_stm32l152xc.o(.text)
    TIM11_IRQHandler                         0x080001f7   Thumb Code     0  startup_stm32l152xc.o(.text)
    TIM2_IRQHandler                          0x080001f7   Thumb Code     0  startup_stm32l152xc.o(.text)
    TIM3_IRQHandler                          0x080001f7   Thumb Code     0  startup_stm32l152xc.o(.text)
    TIM4_IRQHandler                          0x080001f7   Thumb Code     0  startup_stm32l152xc.o(.text)
    TIM5_IRQHandler                          0x080001f7   Thumb Code     0  startup_stm32l152xc.o(.text)
    TIM6_IRQHandler                          0x080001f7   Thumb Code     0  startup_stm32l152xc.o(.text)
    TIM7_IRQHandler                          0x080001f7   Thumb Code     0  startup_stm32l152xc.o(.text)
    TIM9_IRQHandler                          0x080001f7   Thumb Code     0  startup_stm32l152xc.o(.text)
    USART2_IRQHandler                        0x080001f7   Thumb Code     0  startup_stm32l152xc.o(.text)
    USART3_IRQHandler                        0x080001f7   Thumb Code     0  startup_stm32l152xc.o(.text)
    USB_FS_WKUP_IRQHandler                   0x080001f7   Thumb Code     0  startup_stm32l152xc.o(.text)
    USB_HP_IRQHandler                        0x080001f7   Thumb Code     0  startup_stm32l152xc.o(.text)
    USB_LP_IRQHandler                        0x080001f7   Thumb Code     0  startup_stm32l152xc.o(.text)
    WWDG_IRQHandler                          0x080001f7   Thumb Code     0  startup_stm32l152xc.o(.text)
    __aeabi_memcpy                           0x08000201   Thumb Code    36  memcpya.o(.text)
    __aeabi_memcpy4                          0x08000201   Thumb Code     0  memcpya.o(.text)
    __aeabi_memcpy8                          0x08000201   Thumb Code     0  memcpya.o(.text)
    __aeabi_memset                           0x08000225   Thumb Code    14  memseta.o(.text)
    __aeabi_memset4                          0x08000225   Thumb Code     0  memseta.o(.text)
    __aeabi_memset8                          0x08000225   Thumb Code     0  memseta.o(.text)
    __aeabi_memclr                           0x08000233   Thumb Code     4  memseta.o(.text)
    __aeabi_memclr4                          0x08000233   Thumb Code     0  memseta.o(.text)
    __aeabi_memclr8                          0x08000233   Thumb Code     0  memseta.o(.text)
    _memset$wrapper                          0x08000237   Thumb Code    18  memseta.o(.text)
    strlen                                   0x08000249   Thumb Code    14  strlen.o(.text)
    strcmp                                   0x08000257   Thumb Code    28  strcmp.o(.text)
    strncmp                                  0x08000273   Thumb Code    30  strncmp.o(.text)
    strcasecmp                               0x08000291   Thumb Code    42  strcasecmp.o(.text)
    __aeabi_fmul                             0x080002bb   Thumb Code   100  fmul.o(.text)
    __aeabi_fdiv                             0x0800031f   Thumb Code   124  fdiv.o(.text)
    __aeabi_dadd                             0x0800039b   Thumb Code   322  dadd.o(.text)
    __aeabi_dsub                             0x080004dd   Thumb Code     6  dadd.o(.text)
    __aeabi_drsub                            0x080004e3   Thumb Code     6  dadd.o(.text)
    __aeabi_dmul                             0x080004e9   Thumb Code   228  dmul.o(.text)
    __aeabi_ui2f                             0x080005cd   Thumb Code    10  ffltui.o(.text)
    __aeabi_d2uiz                            0x080005d7   Thumb Code    50  dfixui.o(.text)
    __aeabi_f2d                              0x08000609   Thumb Code    38  f2d.o(.text)
    __aeabi_d2f                              0x0800062f   Thumb Code    56  d2f.o(.text)
    __aeabi_uldivmod                         0x08000667   Thumb Code    98  uldiv.o(.text)
    __aeabi_llsl                             0x080006c9   Thumb Code    30  llshl.o(.text)
    _ll_shift_l                              0x080006c9   Thumb Code     0  llshl.o(.text)
    __aeabi_llsr                             0x080006e7   Thumb Code    32  llushr.o(.text)
    _ll_ushift_r                             0x080006e7   Thumb Code     0  llushr.o(.text)
    __aeabi_lasr                             0x08000707   Thumb Code    36  llsshr.o(.text)
    _ll_sshift_r                             0x08000707   Thumb Code     0  llsshr.o(.text)
    tolower                                  0x0800072b   Thumb Code    12  tolower.o(.text)
    __I$use$fp                               0x08000737   Thumb Code     0  iusefp.o(.text)
    _float_round                             0x08000737   Thumb Code    18  fepilogue.o(.text)
    _float_epilogue                          0x08000749   Thumb Code    92  fepilogue.o(.text)
    _double_round                            0x080007a5   Thumb Code    30  depilogue.o(.text)
    _double_epilogue                         0x080007c3   Thumb Code   156  depilogue.o(.text)
    __scatterload                            0x08000861   Thumb Code    28  init.o(.text)
    __scatterload_rt2                        0x08000861   Thumb Code     0  init.o(.text)
    ADC_Enable                               0x08000885   Thumb Code   108  stm32l1xx_hal_adc.o(i.ADC_Enable)
    ADC_Init                                 0x080008f9   Thumb Code    68  adc.o(i.ADC_Init)
    AddaHour                                 0x08000945   Thumb Code    90  time_related.o(i.AddaHour)
    AddaMinute                               0x080009a5   Thumb Code   112  time_related.o(i.AddaMinute)
    BSP_SD_Init                              0x08000a19   Thumb Code    48  stm32_adafruit_sd.o(i.BSP_SD_Init)
    BSP_SD_ReadBlocks                        0x08000a4d   Thumb Code   116  stm32_adafruit_sd.o(i.BSP_SD_ReadBlocks)
    BSP_SD_WriteBlocks                       0x08000ac1   Thumb Code   148  stm32_adafruit_sd.o(i.BSP_SD_WriteBlocks)
    BusFault_Handler                         0x08000b55   Thumb Code     2  stm32l1xx_it.o(i.BusFault_Handler)
    CalcCRC                                  0x08000b59   Thumb Code    34  crc.o(i.CalcCRC)
    CalculateSector                          0x08000b81   Thumb Code   110  sensor.o(i.CalculateSector)
    DebugMon_Handler                         0x08000bf5   Thumb Code     2  stm32l1xx_it.o(i.DebugMon_Handler)
    EXTI9_5_IRQHandler                       0x08000bf7   Thumb Code     6  stm32l1xx_it.o(i.EXTI9_5_IRQHandler)
    FLASH_WaitForLastOperation               0x08000c69   Thumb Code    92  stm32l1xx_hal_flash.o(i.FLASH_WaitForLastOperation)
    HAL_ADC_ConfigChannel                    0x08000cc9   Thumb Code   316  stm32l1xx_hal_adc.o(i.HAL_ADC_ConfigChannel)
    HAL_ADC_GetValue                         0x08000e11   Thumb Code     6  stm32l1xx_hal_adc.o(i.HAL_ADC_GetValue)
    HAL_ADC_Init                             0x08000e19   Thumb Code   390  stm32l1xx_hal_adc.o(i.HAL_ADC_Init)
    HAL_ADC_MspInit                          0x08000fb5   Thumb Code    96  adc.o(i.HAL_ADC_MspInit)
    HAL_ADC_PollForConversion                0x08001021   Thumb Code   166  stm32l1xx_hal_adc.o(i.HAL_ADC_PollForConversion)
    HAL_ADC_Start                            0x080010c7   Thumb Code   118  stm32l1xx_hal_adc.o(i.HAL_ADC_Start)
    HAL_FLASHEx_DATAEEPROM_Lock              0x0800113d   Thumb Code    14  stm32l1xx_hal_flash_ex.o(i.HAL_FLASHEx_DATAEEPROM_Lock)
    HAL_FLASHEx_DATAEEPROM_Program           0x08001151   Thumb Code   204  stm32l1xx_hal_flash_ex.o(i.HAL_FLASHEx_DATAEEPROM_Program)
    HAL_FLASHEx_DATAEEPROM_Unlock            0x08001225   Thumb Code    28  stm32l1xx_hal_flash_ex.o(i.HAL_FLASHEx_DATAEEPROM_Unlock)
    HAL_GPIO_EXTI_Callback                   0x0800124d   Thumb Code    58  sys_time_module.o(i.HAL_GPIO_EXTI_Callback)
    HAL_GPIO_EXTI_IRQHandler                 0x08001291   Thumb Code    18  stm32l1xx_hal_gpio.o(i.HAL_GPIO_EXTI_IRQHandler)
    HAL_GPIO_Init                            0x080012a9   Thumb Code   364  stm32l1xx_hal_gpio.o(i.HAL_GPIO_Init)
    HAL_GPIO_ReadPin                         0x08001435   Thumb Code    10  stm32l1xx_hal_gpio.o(i.HAL_GPIO_ReadPin)
    HAL_GPIO_WritePin                        0x0800143f   Thumb Code    10  stm32l1xx_hal_gpio.o(i.HAL_GPIO_WritePin)
    HAL_GetTick                              0x08001449   Thumb Code     6  stm32l1xx_hal.o(i.HAL_GetTick)
    HAL_IWDG_Init                            0x08001455   Thumb Code    82  stm32l1xx_hal_iwdg.o(i.HAL_IWDG_Init)
    HAL_IWDG_Refresh                         0x080014a7   Thumb Code    12  stm32l1xx_hal_iwdg.o(i.HAL_IWDG_Refresh)
    HAL_IncTick                              0x080014b5   Thumb Code    10  stm32l1xx_hal.o(i.HAL_IncTick)
    HAL_Init                                 0x080014c5   Thumb Code    40  stm32l1xx_hal.o(i.HAL_Init)
    HAL_InitTick                             0x080014f1   Thumb Code    34  stm32l1xx_hal.o(i.HAL_InitTick)
    HAL_MspInit                              0x08001513   Thumb Code     2  stm32l1xx_hal.o(i.HAL_MspInit)
    HAL_NVIC_DisableIRQ                      0x08001515   Thumb Code    22  stm32l1xx_hal_cortex.o(i.HAL_NVIC_DisableIRQ)
    HAL_NVIC_EnableIRQ                       0x0800152b   Thumb Code    22  stm32l1xx_hal_cortex.o(i.HAL_NVIC_EnableIRQ)
    HAL_NVIC_SetPriority                     0x08001541   Thumb Code    60  stm32l1xx_hal_cortex.o(i.HAL_NVIC_SetPriority)
    HAL_NVIC_SetPriorityGrouping             0x08001581   Thumb Code    26  stm32l1xx_hal_cortex.o(i.HAL_NVIC_SetPriorityGrouping)
    HAL_NVIC_SystemReset                     0x080015a5   Thumb Code    24  stm32l1xx_hal_cortex.o(i.HAL_NVIC_SystemReset)
    HAL_PWREx_GetVoltageRange                0x080015c5   Thumb Code    10  stm32l1xx_hal_pwr_ex.o(i.HAL_PWREx_GetVoltageRange)
    HAL_PWR_EnableBkUpAccess                 0x080015d5   Thumb Code    20  stm32l1xx_hal_pwr.o(i.HAL_PWR_EnableBkUpAccess)
    HAL_PWR_EnterSLEEPMode                   0x080015ed   Thumb Code    38  stm32l1xx_hal_pwr.o(i.HAL_PWR_EnterSLEEPMode)
    HAL_RCCEx_PeriphCLKConfig                0x0800161d   Thumb Code   378  stm32l1xx_hal_rcc_ex.o(i.HAL_RCCEx_PeriphCLKConfig)
    HAL_RCC_ClockConfig                      0x080017a5   Thumb Code   450  stm32l1xx_hal_rcc.o(i.HAL_RCC_ClockConfig)
    HAL_RCC_GetHCLKFreq                      0x08001979   Thumb Code     6  stm32l1xx_hal_rcc.o(i.HAL_RCC_GetHCLKFreq)
    HAL_RCC_GetOscConfig                     0x08001985   Thumb Code   204  stm32l1xx_hal_rcc.o(i.HAL_RCC_GetOscConfig)
    HAL_RCC_GetPCLK1Freq                     0x08001a55   Thumb Code    34  stm32l1xx_hal_rcc.o(i.HAL_RCC_GetPCLK1Freq)
    HAL_RCC_GetPCLK2Freq                     0x08001a85   Thumb Code    34  stm32l1xx_hal_rcc.o(i.HAL_RCC_GetPCLK2Freq)
    HAL_RCC_GetSysClockFreq                  0x08001ab5   Thumb Code   122  stm32l1xx_hal_rcc.o(i.HAL_RCC_GetSysClockFreq)
    HAL_RCC_OscConfig                        0x08001b41   Thumb Code  1860  stm32l1xx_hal_rcc.o(i.HAL_RCC_OscConfig)
    HAL_RTCEx_AlarmBEventCallback            0x08002291   Thumb Code     2  stm32l1xx_hal_rtc_ex.o(i.HAL_RTCEx_AlarmBEventCallback)
    HAL_RTC_AlarmAEventCallback              0x08002295   Thumb Code    14  sys_time_module.o(i.HAL_RTC_AlarmAEventCallback)
    HAL_RTC_AlarmIRQHandler                  0x080022a9   Thumb Code    86  stm32l1xx_hal_rtc.o(i.HAL_RTC_AlarmIRQHandler)
    HAL_RTC_GetDate                          0x08002305   Thumb Code    62  stm32l1xx_hal_rtc.o(i.HAL_RTC_GetDate)
    HAL_RTC_GetTime                          0x08002349   Thumb Code    84  stm32l1xx_hal_rtc_ex.o(i.HAL_RTC_GetTime)
    HAL_RTC_Init                             0x080023a1   Thumb Code   150  stm32l1xx_hal_rtc.o(i.HAL_RTC_Init)
    HAL_RTC_MspInit                          0x0800243d   Thumb Code   106  rtc.o(i.HAL_RTC_MspInit)
    HAL_RTC_SetAlarm_IT                      0x080024b5   Thumb Code   404  stm32l1xx_hal_rtc_ex.o(i.HAL_RTC_SetAlarm_IT)
    HAL_RTC_SetDate                          0x0800264d   Thumb Code   196  stm32l1xx_hal_rtc.o(i.HAL_RTC_SetDate)
    HAL_RTC_SetTime                          0x08002715   Thumb Code   228  stm32l1xx_hal_rtc.o(i.HAL_RTC_SetTime)
    HAL_RTC_WaitForSynchro                   0x080027fd   Thumb Code    58  stm32l1xx_hal_rtc_ex.o(i.HAL_RTC_WaitForSynchro)
    HAL_SPI_DeInit                           0x08002837   Thumb Code    40  stm32l1xx_hal_spi.o(i.HAL_SPI_DeInit)
    HAL_SPI_GetState                         0x0800285f   Thumb Code     6  stm32l1xx_hal_spi.o(i.HAL_SPI_GetState)
    HAL_SPI_Init                             0x08002865   Thumb Code   132  stm32l1xx_hal_spi_ex.o(i.HAL_SPI_Init)
    HAL_SPI_MspDeInit                        0x080028e9   Thumb Code     2  stm32l1xx_hal_spi.o(i.HAL_SPI_MspDeInit)
    HAL_SPI_MspInit                          0x080028eb   Thumb Code     2  stm32l1xx_hal_spi.o(i.HAL_SPI_MspInit)
    HAL_SPI_Transmit                         0x080028ed   Thumb Code   322  stm32l1xx_hal_spi.o(i.HAL_SPI_Transmit)
    HAL_SPI_TransmitReceive                  0x08002a2f   Thumb Code   690  stm32l1xx_hal_spi.o(i.HAL_SPI_TransmitReceive)
    HAL_SYSTICK_Config                       0x08002ce1   Thumb Code    40  stm32l1xx_hal_cortex.o(i.HAL_SYSTICK_Config)
    HAL_UART_ErrorCallback                   0x08002d09   Thumb Code     2  stm32l1xx_hal_uart.o(i.HAL_UART_ErrorCallback)
    HAL_UART_Init                            0x08002d0b   Thumb Code    94  stm32l1xx_hal_uart.o(i.HAL_UART_Init)
    HAL_UART_MspInit                         0x08002d69   Thumb Code   112  usart.o(i.HAL_UART_MspInit)
    HAL_UART_Transmit                        0x08002de9   Thumb Code   204  stm32l1xx_hal_uart.o(i.HAL_UART_Transmit)
    HardFault_Handler                        0x08002eb5   Thumb Code     2  stm32l1xx_it.o(i.HardFault_Handler)
    I2C_delay                                0x08002eb7   Thumb Code    26  pcf8563.o(i.I2C_delay)
    IIC_Ack                                  0x08002ed1   Thumb Code    64  pcf8563.o(i.IIC_Ack)
    IIC_Init                                 0x08002f15   Thumb Code   200  pcf8563.o(i.IIC_Init)
    IIC_NAck                                 0x08002fdd   Thumb Code    64  pcf8563.o(i.IIC_NAck)
    IIC_Read_Byte                            0x08003021   Thumb Code   104  pcf8563.o(i.IIC_Read_Byte)
    IIC_Send_Byte                            0x0800308d   Thumb Code   112  pcf8563.o(i.IIC_Send_Byte)
    IIC_Start                                0x08003101   Thumb Code    68  pcf8563.o(i.IIC_Start)
    IIC_Stop                                 0x08003149   Thumb Code    68  pcf8563.o(i.IIC_Stop)
    IIC_Wait_Ack                             0x08003191   Thumb Code   102  pcf8563.o(i.IIC_Wait_Ack)
    IWDG_Init                                0x080031fd   Thumb Code    20  iwdg.o(i.IWDG_Init)
    MX_GPIO_Init                             0x08003219   Thumb Code   212  gpio.o(i.MX_GPIO_Init)
    MX_RTC_Init                              0x080032fd   Thumb Code    78  rtc.o(i.MX_RTC_Init)
    MemManage_Handler                        0x08003481   Thumb Code     2  stm32l1xx_it.o(i.MemManage_Handler)
    NMI_Handler                              0x08003483   Thumb Code     2  stm32l1xx_it.o(i.NMI_Handler)
    OnBoardMeasure                           0x080034a5   Thumb Code   116  sys_time_module.o(i.OnBoardMeasure)
    OutputHourDataFill                       0x08003535   Thumb Code  1178  sensor.o(i.OutputHourDataFill)
    PCF8563_Read_Time                        0x080039e1   Thumb Code   222  pcf8563.o(i.PCF8563_Read_Time)
    PCF8563_Set_Time                         0x08003ac5   Thumb Code   246  pcf8563.o(i.PCF8563_Set_Time)
    PostSleepProcessing                      0x08003bc1   Thumb Code     2  main.o(i.PostSleepProcessing)
    PreSleepProcessing                       0x08003bc3   Thumb Code     8  main.o(i.PreSleepProcessing)
    RTC_Alarm_IRQHandler                     0x08003c45   Thumb Code     6  stm32l1xx_it.o(i.RTC_Alarm_IRQHandler)
    RTC_Bcd2ToByte                           0x08003c51   Thumb Code    18  stm32l1xx_hal_rtc.o(i.RTC_Bcd2ToByte)
    RTC_ByteToBcd2                           0x08003c63   Thumb Code    22  stm32l1xx_hal_rtc.o(i.RTC_ByteToBcd2)
    RTC_EnterInitMode                        0x08003c79   Thumb Code    58  stm32l1xx_hal_rtc.o(i.RTC_EnterInitMode)
    SDA_IN                                   0x08003cb5   Thumb Code    50  pcf8563.o(i.SDA_IN)
    SDA_OUT                                  0x08003cf1   Thumb Code    52  pcf8563.o(i.SDA_OUT)
    SD_IO_Init                               0x08003d2d   Thumb Code    90  sd_io_low.o(i.SD_IO_Init)
    SD_IO_ReadByte                           0x08003d91   Thumb Code    40  sd_io_low.o(i.SD_IO_ReadByte)
    SD_IO_WaitResponse                       0x08003dc1   Thumb Code    36  sd_io_low.o(i.SD_IO_WaitResponse)
    SD_IO_WriteByte                          0x08003de5   Thumb Code    30  sd_io_low.o(i.SD_IO_WriteByte)
    SD_IO_WriteCmd                           0x08003e0d   Thumb Code    86  sd_io_low.o(i.SD_IO_WriteCmd)
    SD_IO_WriteDummy                         0x08003e69   Thumb Code    22  sd_io_low.o(i.SD_IO_WriteDummy)
    SysTick_Handler                          0x08004025   Thumb Code    14  stm32l1xx_it.o(i.SysTick_Handler)
    SystemClock_Config                       0x08004511   Thumb Code   158  main.o(i.SystemClock_Config)
    SystemInit                               0x080045b9   Thumb Code    62  system_stm32l1xx.o(i.SystemInit)
    USART1_IRQHandler                        0x0800493d   Thumb Code   224  usart_module.o(i.USART1_IRQHandler)
    USART1_UART_Init                         0x08004a29   Thumb Code    30  usart.o(i.USART1_UART_Init)
    UsageFault_Handler                       0x08004a51   Thumb Code     2  stm32l1xx_it.o(i.UsageFault_Handler)
    __0printf$8                              0x0800583d   Thumb Code    22  printf8.o(i.__0printf$8)
    __1printf$8                              0x0800583d   Thumb Code     0  printf8.o(i.__0printf$8)
    __2printf                                0x0800583d   Thumb Code     0  printf8.o(i.__0printf$8)
    __0snprintf$8                            0x0800585d   Thumb Code    36  printf8.o(i.__0snprintf$8)
    __1snprintf$8                            0x0800585d   Thumb Code     0  printf8.o(i.__0snprintf$8)
    __2snprintf                              0x0800585d   Thumb Code     0  printf8.o(i.__0snprintf$8)
    __0sprintf$8                             0x08005885   Thumb Code    34  printf8.o(i.__0sprintf$8)
    __1sprintf$8                             0x08005885   Thumb Code     0  printf8.o(i.__0sprintf$8)
    __2sprintf                               0x08005885   Thumb Code     0  printf8.o(i.__0sprintf$8)
    __scatterload_copy                       0x080058ad   Thumb Code    14  handlers.o(i.__scatterload_copy)
    __scatterload_null                       0x080058bb   Thumb Code     2  handlers.o(i.__scatterload_null)
    __scatterload_zeroinit                   0x080058bd   Thumb Code    14  handlers.o(i.__scatterload_zeroinit)
    data_eeprom_read                         0x08005d51   Thumb Code    50  eeprom.o(i.data_eeprom_read)
    data_eeprom_write                        0x08005d85   Thumb Code   116  eeprom.o(i.data_eeprom_write)
    eTaskConfirmSleepModeStatus              0x08005dfd   Thumb Code    38  tasks.o(i.eTaskConfirmSleepModeStatus)
    fputc                                    0x08005e2d   Thumb Code    20  usart.o(i.fputc)
    get_sys_time                             0x08005e45   Thumb Code    84  sys_time_module.o(i.get_sys_time)
    init_measure_module                      0x08005ead   Thumb Code   128  measure_moudle.o(i.init_measure_module)
    init_sys_time_module                     0x08005f3d   Thumb Code    94  sys_time_module.o(i.init_sys_time_module)
    init_usart_module                        0x08005fa9   Thumb Code   224  usart_module.o(i.init_usart_module)
    isLeapYear                               0x080060a9   Thumb Code    38  time_related.o(i.isLeapYear)
    l_mktime                                 0x080060d1   Thumb Code    90  time_related.o(i.l_mktime)
    main                                     0x08006131   Thumb Code    22  main.o(i.main)
    osDelay                                  0x08006153   Thumb Code    14  cmsis_os.o(i.osDelay)
    osKernelStart                            0x08006161   Thumb Code    10  cmsis_os.o(i.osKernelStart)
    osMutexCreate                            0x0800616b   Thumb Code     6  cmsis_os.o(i.osMutexCreate)
    osMutexRelease                           0x08006171   Thumb Code    66  cmsis_os.o(i.osMutexRelease)
    osMutexWait                              0x080061b9   Thumb Code    92  cmsis_os.o(i.osMutexWait)
    osSemaphoreCreate                        0x08006219   Thumb Code    46  cmsis_os.o(i.osSemaphoreCreate)
    osSemaphoreRelease                       0x08006249   Thumb Code    66  cmsis_os.o(i.osSemaphoreRelease)
    osSemaphoreWait                          0x08006291   Thumb Code    92  cmsis_os.o(i.osSemaphoreWait)
    osSystickHandler                         0x080062f1   Thumb Code    20  cmsis_os.o(i.osSystickHandler)
    osThreadCreate                           0x08006305   Thumb Code    56  cmsis_os.o(i.osThreadCreate)
    pvPortMalloc                             0x080065f9   Thumb Code   182  heap_4.o(i.pvPortMalloc)
    pvTaskIncrementMutexHeldCount            0x080066b5   Thumb Code    18  tasks.o(i.pvTaskIncrementMutexHeldCount)
    pxPortInitialiseStack                    0x080066cd   Thumb Code    28  port.o(i.pxPortInitialiseStack)
    start_measure                            0x080066ed   Thumb Code    24  measure_moudle.o(i.start_measure)
    sync_time                                0x08006709   Thumb Code   154  time_related.o(i.sync_time)
    uxListRemove                             0x080067ad   Thumb Code    36  list.o(i.uxListRemove)
    vListInitialise                          0x080067d1   Thumb Code    22  list.o(i.vListInitialise)
    vListInitialiseItem                      0x080067e7   Thumb Code     6  list.o(i.vListInitialiseItem)
    vListInsert                              0x080067ed   Thumb Code    48  list.o(i.vListInsert)
    vListInsertEnd                           0x0800681d   Thumb Code    24  list.o(i.vListInsertEnd)
    vPortEnterCritical                       0x08006835   Thumb Code    44  port.o(i.vPortEnterCritical)
    vPortExitCritical                        0x08006869   Thumb Code    30  port.o(i.vPortExitCritical)
    vPortFree                                0x0800688d   Thumb Code    68  heap_4.o(i.vPortFree)
    vPortSetupTimerInterrupt                 0x080068d5   Thumb Code    58  port.o(i.vPortSetupTimerInterrupt)
    vPortSuppressTicksAndSleep               0x08006919   Thumb Code   220  port.o(i.vPortSuppressTicksAndSleep)
    vPortValidateInterruptPriority           0x080069f9   Thumb Code    54  port.o(i.vPortValidateInterruptPriority)
    vPortYield                               0x08006a39   Thumb Code    18  port.o(i.vPortYield)
    vTaskDelay                               0x08006a51   Thumb Code    76  tasks.o(i.vTaskDelay)
    vTaskMissedYield                         0x08006aa1   Thumb Code     8  tasks.o(i.vTaskMissedYield)
    vTaskPlaceOnEventList                    0x08006aad   Thumb Code    80  tasks.o(i.vTaskPlaceOnEventList)
    vTaskPriorityInherit                     0x08006b05   Thumb Code   124  tasks.o(i.vTaskPriorityInherit)
    vTaskSetTimeOutState                     0x08006b89   Thumb Code    22  tasks.o(i.vTaskSetTimeOutState)
    vTaskStartScheduler                      0x08006ba5   Thumb Code    66  tasks.o(i.vTaskStartScheduler)
    vTaskStepTick                            0x08006bf9   Thumb Code    28  tasks.o(i.vTaskStepTick)
    vTaskSuspendAll                          0x08006c19   Thumb Code    10  tasks.o(i.vTaskSuspendAll)
    vTaskSwitchContext                       0x08006c29   Thumb Code    74  tasks.o(i.vTaskSwitchContext)
    xPortStartScheduler                      0x08006c7d   Thumb Code   102  port.o(i.xPortStartScheduler)
    xPortSysTickHandler                      0x08006cf1   Thumb Code    30  port.o(i.xPortSysTickHandler)
    xQueueCreateCountingSemaphore            0x08006d15   Thumb Code    42  queue.o(i.xQueueCreateCountingSemaphore)
    xQueueCreateMutex                        0x08006d3f   Thumb Code    74  queue.o(i.xQueueCreateMutex)
    xQueueGenericCreate                      0x08006d89   Thumb Code    80  queue.o(i.xQueueGenericCreate)
    xQueueGenericReceive                     0x08006dd9   Thumb Code   302  queue.o(i.xQueueGenericReceive)
    xQueueGenericReset                       0x08006f07   Thumb Code   106  queue.o(i.xQueueGenericReset)
    xQueueGenericSend                        0x08006f71   Thumb Code   276  queue.o(i.xQueueGenericSend)
    xQueueGiveFromISR                        0x08007085   Thumb Code   118  queue.o(i.xQueueGiveFromISR)
    xQueueReceiveFromISR                     0x080070fb   Thumb Code   118  queue.o(i.xQueueReceiveFromISR)
    xTaskCheckForTimeOut                     0x08007171   Thumb Code    82  tasks.o(i.xTaskCheckForTimeOut)
    xTaskGenericCreate                       0x080071c9   Thumb Code   388  tasks.o(i.xTaskGenericCreate)
    xTaskGetSchedulerState                   0x08007355   Thumb Code    22  tasks.o(i.xTaskGetSchedulerState)
    xTaskIncrementTick                       0x08007371   Thumb Code   184  tasks.o(i.xTaskIncrementTick)
    xTaskPriorityDisinherit                  0x08007431   Thumb Code   124  tasks.o(i.xTaskPriorityDisinherit)
    xTaskRemoveFromEventList                 0x080074b5   Thumb Code   104  tasks.o(i.xTaskRemoveFromEventList)
    xTaskResumeAll                           0x08007525   Thumb Code   162  tasks.o(i.xTaskResumeAll)
    PLLMulTable                              0x080075d0   Data           9  system_stm32l1xx.o(.constdata)
    AHBPrescTable                            0x080075d9   Data          16  system_stm32l1xx.o(.constdata)
    APBPrescTable                            0x080075e9   Data           8  system_stm32l1xx.o(.constdata)
    DayOfMon                                 0x08007630   Data          52  time_related.o(.constdata)
    Region$$Table$$Base                      0x0800790c   Number         0  anon$$obj.o(Region$$Table)
    Region$$Table$$Limit                     0x0800792c   Number         0  anon$$obj.o(Region$$Table)
    pxCurrentTCB                             0x20000000   Data           4  tasks.o(.data)
    SystemCoreClock                          0x20000038   Data           4  system_stm32l1xx.o(.data)
    year1                                    0x20000040   Data           4  usart_module.o(.data)
    month1                                   0x20000044   Data           4  usart_module.o(.data)
    day1                                     0x20000048   Data           4  usart_module.o(.data)
    hour1                                    0x2000004c   Data           4  usart_module.o(.data)
    minute1                                  0x20000050   Data           4  usart_module.o(.data)
    SD_STATUS_OK                             0x2000008c   Data           1  measure_moudle.o(.data)
    SpixTimeout                              0x20000098   Data           4  sd_io_low.o(.data)
    PCF_DataStruct_Time                      0x2000009c   Data           7  pcf8563.o(.data)
    Time_Buffer                              0x200000a3   Data           7  pcf8563.o(.data)
    uwTick                                   0x200000ac   Data           4  stm32l1xx_hal.o(.data)
    SdStatus                                 0x200000e0   Data           1  stm32_adafruit_sd.o(.data)
    __stdout                                 0x200000e4   Data           4  stdout.o(.data)
    huart1                                   0x20000400   Data          64  usart.o(.bss)
    hrtc                                     0x20000440   Data          32  rtc.o(.bss)
    hiwdg                                    0x20000460   Data          12  iwdg.o(.bss)
    hadc                                     0x200004c4   Data          84  adc.o(.bss)
    rain                                     0x20000518   Data         248  sensor.o(.bss)
    device                                   0x20000610   Data          44  sensor.o(.bss)
    time_buf                                 0x2000063c   Data          17  sensor.o(.bss)
    success_time                             0x2000064d   Data          17  sensor.o(.bss)
    down_data                                0x2000065e   Data         512  sensor.o(.bss)
    real_data                                0x2000085e   Data         512  sensor.o(.bss)
    pFlash                                   0x20000a60   Data          24  stm32l1xx_hal_flash.o(.bss)
    __initial_sp                             0x20002278   Data           0  startup_stm32l152xc.o(STACK)



==============================================================================

Memory Map of the image

  Image Entry point : 0x08000125

  Load Region LR_IROM1 (Base: 0x08000000, Size: 0x00007a14, Max: 0x00010000, ABSOLUTE)

    Execution Region ER_IROM1 (Base: 0x08000000, Size: 0x0000792c, Max: 0x00010000, ABSOLUTE)

    Base Addr    Size         Type   Attr      Idx    E Section Name        Object

    0x08000000   0x00000124   Data   RO          914    RESET               startup_stm32l152xc.o
    0x08000124   0x00000000   Code   RO         6555  * .ARM.Collect$$$$00000000  mc_w.l(entry.o)
    0x08000124   0x00000004   Code   RO         6853    .ARM.Collect$$$$00000001  mc_w.l(entry2.o)
    0x08000128   0x00000004   Code   RO         6856    .ARM.Collect$$$$00000004  mc_w.l(entry5.o)
    0x0800012c   0x00000000   Code   RO         6858    .ARM.Collect$$$$00000008  mc_w.l(entry7b.o)
    0x0800012c   0x00000000   Code   RO         6860    .ARM.Collect$$$$0000000A  mc_w.l(entry8b.o)
    0x0800012c   0x00000008   Code   RO         6861    .ARM.Collect$$$$0000000B  mc_w.l(entry9a.o)
    0x08000134   0x00000000   Code   RO         6863    .ARM.Collect$$$$0000000D  mc_w.l(entry10a.o)
    0x08000134   0x00000000   Code   RO         6865    .ARM.Collect$$$$0000000F  mc_w.l(entry11a.o)
    0x08000134   0x00000004   Code   RO         6854    .ARM.Collect$$$$00002712  mc_w.l(entry2.o)
    0x08000138   0x000000a2   Code   RO         5756    .emb_text           port.o
    0x080001da   0x00000002   PAD
    0x080001dc   0x00000024   Code   RO          915    .text               startup_stm32l152xc.o
    0x08000200   0x00000024   Code   RO         6558    .text               mc_w.l(memcpya.o)
    0x08000224   0x00000024   Code   RO         6560    .text               mc_w.l(memseta.o)
    0x08000248   0x0000000e   Code   RO         6562    .text               mc_w.l(strlen.o)
    0x08000256   0x0000001c   Code   RO         6564    .text               mc_w.l(strcmp.o)
    0x08000272   0x0000001e   Code   RO         6566    .text               mc_w.l(strncmp.o)
    0x08000290   0x0000002a   Code   RO         6570    .text               mc_w.l(strcasecmp.o)
    0x080002ba   0x00000064   Code   RO         6833    .text               mf_w.l(fmul.o)
    0x0800031e   0x0000007c   Code   RO         6835    .text               mf_w.l(fdiv.o)
    0x0800039a   0x0000014e   Code   RO         6837    .text               mf_w.l(dadd.o)
    0x080004e8   0x000000e4   Code   RO         6839    .text               mf_w.l(dmul.o)
    0x080005cc   0x0000000a   Code   RO         6841    .text               mf_w.l(ffltui.o)
    0x080005d6   0x00000032   Code   RO         6847    .text               mf_w.l(dfixui.o)
    0x08000608   0x00000026   Code   RO         6849    .text               mf_w.l(f2d.o)
    0x0800062e   0x00000038   Code   RO         6851    .text               mf_w.l(d2f.o)
    0x08000666   0x00000062   Code   RO         6870    .text               mc_w.l(uldiv.o)
    0x080006c8   0x0000001e   Code   RO         6872    .text               mc_w.l(llshl.o)
    0x080006e6   0x00000020   Code   RO         6874    .text               mc_w.l(llushr.o)
    0x08000706   0x00000024   Code   RO         6876    .text               mc_w.l(llsshr.o)
    0x0800072a   0x0000000c   Code   RO         6878    .text               mc_w.l(tolower.o)
    0x08000736   0x00000000   Code   RO         6880    .text               mc_w.l(iusefp.o)
    0x08000736   0x0000006e   Code   RO         6881    .text               mf_w.l(fepilogue.o)
    0x080007a4   0x000000ba   Code   RO         6883    .text               mf_w.l(depilogue.o)
    0x0800085e   0x00000002   PAD
    0x08000860   0x00000024   Code   RO         6891    .text               mc_w.l(init.o)
    0x08000884   0x00000074   Code   RO         2938    i.ADC_Enable        stm32l1xx_hal_adc.o
    0x080008f8   0x0000004c   Code   RO         1831    i.ADC_Init          adc.o
    0x08000944   0x00000060   Code   RO         1638    i.AddaHour          time_related.o
    0x080009a4   0x00000074   Code   RO         1639    i.AddaMinute        time_related.o
    0x08000a18   0x00000034   Code   RO         6489    i.BSP_SD_Init       stm32_adafruit_sd.o
    0x08000a4c   0x00000074   Code   RO         6490    i.BSP_SD_ReadBlocks  stm32_adafruit_sd.o
    0x08000ac0   0x00000094   Code   RO         6491    i.BSP_SD_WriteBlocks  stm32_adafruit_sd.o
    0x08000b54   0x00000002   Code   RO         1426    i.BusFault_Handler  stm32l1xx_it.o
    0x08000b56   0x00000002   PAD
    0x08000b58   0x00000028   Code   RO         2234    i.CalcCRC           crc.o
    0x08000b80   0x00000074   Code   RO         2036    i.CalculateSector   sensor.o
    0x08000bf4   0x00000002   Code   RO         1427    i.DebugMon_Handler  stm32l1xx_it.o
    0x08000bf6   0x00000006   Code   RO         1428    i.EXTI9_5_IRQHandler  stm32l1xx_it.o
    0x08000bfc   0x0000006c   Code   RO         3177    i.FLASH_SetErrorCode  stm32l1xx_hal_flash.o
    0x08000c68   0x00000060   Code   RO         3178    i.FLASH_WaitForLastOperation  stm32l1xx_hal_flash.o
    0x08000cc8   0x00000148   Code   RO         2940    i.HAL_ADC_ConfigChannel  stm32l1xx_hal_adc.o
    0x08000e10   0x00000006   Code   RO         2947    i.HAL_ADC_GetValue  stm32l1xx_hal_adc.o
    0x08000e16   0x00000002   PAD
    0x08000e18   0x0000019c   Code   RO         2949    i.HAL_ADC_Init      stm32l1xx_hal_adc.o
    0x08000fb4   0x0000006c   Code   RO         1833    i.HAL_ADC_MspInit   adc.o
    0x08001020   0x000000a6   Code   RO         2953    i.HAL_ADC_PollForConversion  stm32l1xx_hal_adc.o
    0x080010c6   0x00000076   Code   RO         2955    i.HAL_ADC_Start     stm32l1xx_hal_adc.o
    0x0800113c   0x00000014   Code   RO         3285    i.HAL_FLASHEx_DATAEEPROM_Lock  stm32l1xx_hal_flash_ex.o
    0x08001150   0x000000d4   Code   RO         3286    i.HAL_FLASHEx_DATAEEPROM_Program  stm32l1xx_hal_flash_ex.o
    0x08001224   0x00000028   Code   RO         3287    i.HAL_FLASHEx_DATAEEPROM_Unlock  stm32l1xx_hal_flash_ex.o
    0x0800124c   0x00000044   Code   RO         1257    i.HAL_GPIO_EXTI_Callback  sys_time_module.o
    0x08001290   0x00000018   Code   RO         2870    i.HAL_GPIO_EXTI_IRQHandler  stm32l1xx_hal_gpio.o
    0x080012a8   0x0000018c   Code   RO         2871    i.HAL_GPIO_Init     stm32l1xx_hal_gpio.o
    0x08001434   0x0000000a   Code   RO         2873    i.HAL_GPIO_ReadPin  stm32l1xx_hal_gpio.o
    0x0800143e   0x0000000a   Code   RO         2875    i.HAL_GPIO_WritePin  stm32l1xx_hal_gpio.o
    0x08001448   0x0000000c   Code   RO         2391    i.HAL_GetTick       stm32l1xx_hal.o
    0x08001454   0x00000052   Code   RO         3403    i.HAL_IWDG_Init     stm32l1xx_hal_iwdg.o
    0x080014a6   0x0000000c   Code   RO         3404    i.HAL_IWDG_Refresh  stm32l1xx_hal_iwdg.o
    0x080014b2   0x00000002   PAD
    0x080014b4   0x00000010   Code   RO         2392    i.HAL_IncTick       stm32l1xx_hal.o
    0x080014c4   0x0000002c   Code   RO         2393    i.HAL_Init          stm32l1xx_hal.o
    0x080014f0   0x00000022   Code   RO         2394    i.HAL_InitTick      stm32l1xx_hal.o
    0x08001512   0x00000002   Code   RO         2396    i.HAL_MspInit       stm32l1xx_hal.o
    0x08001514   0x00000016   Code   RO         2259    i.HAL_NVIC_DisableIRQ  stm32l1xx_hal_cortex.o
    0x0800152a   0x00000016   Code   RO         2260    i.HAL_NVIC_EnableIRQ  stm32l1xx_hal_cortex.o
    0x08001540   0x00000040   Code   RO         2266    i.HAL_NVIC_SetPriority  stm32l1xx_hal_cortex.o
    0x08001580   0x00000024   Code   RO         2267    i.HAL_NVIC_SetPriorityGrouping  stm32l1xx_hal_cortex.o
    0x080015a4   0x00000020   Code   RO         2268    i.HAL_NVIC_SystemReset  stm32l1xx_hal_cortex.o
    0x080015c4   0x00000010   Code   RO         2707    i.HAL_PWREx_GetVoltageRange  stm32l1xx_hal_pwr_ex.o
    0x080015d4   0x00000018   Code   RO         2588    i.HAL_PWR_EnableBkUpAccess  stm32l1xx_hal_pwr.o
    0x080015ec   0x00000030   Code   RO         2593    i.HAL_PWR_EnterSLEEPMode  stm32l1xx_hal_pwr.o
    0x0800161c   0x00000188   Code   RO         2522    i.HAL_RCCEx_PeriphCLKConfig  stm32l1xx_hal_rcc_ex.o
    0x080017a4   0x000001d4   Code   RO         2762    i.HAL_RCC_ClockConfig  stm32l1xx_hal_rcc.o
    0x08001978   0x0000000c   Code   RO         2767    i.HAL_RCC_GetHCLKFreq  stm32l1xx_hal_rcc.o
    0x08001984   0x000000d0   Code   RO         2768    i.HAL_RCC_GetOscConfig  stm32l1xx_hal_rcc.o
    0x08001a54   0x00000030   Code   RO         2769    i.HAL_RCC_GetPCLK1Freq  stm32l1xx_hal_rcc.o
    0x08001a84   0x00000030   Code   RO         2770    i.HAL_RCC_GetPCLK2Freq  stm32l1xx_hal_rcc.o
    0x08001ab4   0x0000008c   Code   RO         2771    i.HAL_RCC_GetSysClockFreq  stm32l1xx_hal_rcc.o
    0x08001b40   0x00000750   Code   RO         2774    i.HAL_RCC_OscConfig  stm32l1xx_hal_rcc.o
    0x08002290   0x00000002   Code   RO         3540    i.HAL_RTCEx_AlarmBEventCallback  stm32l1xx_hal_rtc_ex.o
    0x08002292   0x00000002   PAD
    0x08002294   0x00000014   Code   RO         1258    i.HAL_RTC_AlarmAEventCallback  sys_time_module.o
    0x080022a8   0x0000005c   Code   RO         3434    i.HAL_RTC_AlarmIRQHandler  stm32l1xx_hal_rtc.o
    0x08002304   0x00000044   Code   RO         3437    i.HAL_RTC_GetDate   stm32l1xx_hal_rtc.o
    0x08002348   0x00000058   Code   RO         3579    i.HAL_RTC_GetTime   stm32l1xx_hal_rtc_ex.o
    0x080023a0   0x0000009c   Code   RO         3439    i.HAL_RTC_Init      stm32l1xx_hal_rtc.o
    0x0800243c   0x00000078   Code   RO         1560    i.HAL_RTC_MspInit   rtc.o
    0x080024b4   0x00000198   Code   RO         3581    i.HAL_RTC_SetAlarm_IT  stm32l1xx_hal_rtc_ex.o
    0x0800264c   0x000000c8   Code   RO         3443    i.HAL_RTC_SetDate   stm32l1xx_hal_rtc.o
    0x08002714   0x000000e8   Code   RO         3444    i.HAL_RTC_SetTime   stm32l1xx_hal_rtc.o
    0x080027fc   0x0000003a   Code   RO         3582    i.HAL_RTC_WaitForSynchro  stm32l1xx_hal_rtc_ex.o
    0x08002836   0x00000028   Code   RO         3819    i.HAL_SPI_DeInit    stm32l1xx_hal_spi.o
    0x0800285e   0x00000006   Code   RO         3822    i.HAL_SPI_GetState  stm32l1xx_hal_spi.o
    0x08002864   0x00000084   Code   RO         4055    i.HAL_SPI_Init      stm32l1xx_hal_spi_ex.o
    0x080028e8   0x00000002   Code   RO         3825    i.HAL_SPI_MspDeInit  stm32l1xx_hal_spi.o
    0x080028ea   0x00000002   Code   RO         3826    i.HAL_SPI_MspInit   stm32l1xx_hal_spi.o
    0x080028ec   0x00000142   Code   RO         3832    i.HAL_SPI_Transmit  stm32l1xx_hal_spi.o
    0x08002a2e   0x000002b2   Code   RO         3833    i.HAL_SPI_TransmitReceive  stm32l1xx_hal_spi.o
    0x08002ce0   0x00000028   Code   RO         2271    i.HAL_SYSTICK_Config  stm32l1xx_hal_cortex.o
    0x08002d08   0x00000002   Code   RO         4748    i.HAL_UART_ErrorCallback  stm32l1xx_hal_uart.o
    0x08002d0a   0x0000005e   Code   RO         4752    i.HAL_UART_Init     stm32l1xx_hal_uart.o
    0x08002d68   0x00000080   Code   RO         1506    i.HAL_UART_MspInit  usart.o
    0x08002de8   0x000000cc   Code   RO         4760    i.HAL_UART_Transmit  stm32l1xx_hal_uart.o
    0x08002eb4   0x00000002   Code   RO         1429    i.HardFault_Handler  stm32l1xx_it.o
    0x08002eb6   0x0000001a   Code   RO         2081    i.I2C_delay         pcf8563.o
    0x08002ed0   0x00000044   Code   RO         2082    i.IIC_Ack           pcf8563.o
    0x08002f14   0x000000c8   Code   RO         2083    i.IIC_Init          pcf8563.o
    0x08002fdc   0x00000044   Code   RO         2084    i.IIC_NAck          pcf8563.o
    0x08003020   0x0000006c   Code   RO         2085    i.IIC_Read_Byte     pcf8563.o
    0x0800308c   0x00000074   Code   RO         2086    i.IIC_Send_Byte     pcf8563.o
    0x08003100   0x00000048   Code   RO         2087    i.IIC_Start         pcf8563.o
    0x08003148   0x00000048   Code   RO         2088    i.IIC_Stop          pcf8563.o
    0x08003190   0x0000006c   Code   RO         2089    i.IIC_Wait_Ack      pcf8563.o
    0x080031fc   0x0000001c   Code   RO         1602    i.IWDG_Init         iwdg.o
    0x08003218   0x000000e4   Code   RO         2183    i.MX_GPIO_Init      gpio.o
    0x080032fc   0x00000058   Code   RO         1561    i.MX_RTC_Init       rtc.o
    0x08003354   0x0000012c   Code   RO         1331    i.Measure_Thread    measure_moudle.o
    0x08003480   0x00000002   Code   RO         1430    i.MemManage_Handler  stm32l1xx_it.o
    0x08003482   0x00000002   Code   RO         1431    i.NMI_Handler       stm32l1xx_it.o
    0x08003484   0x00000020   Code   RO         2273    i.NVIC_SetPriority  stm32l1xx_hal_cortex.o
    0x080034a4   0x00000090   Code   RO         1259    i.OnBoardMeasure    sys_time_module.o
    0x08003534   0x000004ac   Code   RO         2037    i.OutputHourDataFill  sensor.o
    0x080039e0   0x000000e4   Code   RO         2090    i.PCF8563_Read_Time  pcf8563.o
    0x08003ac4   0x000000fc   Code   RO         2091    i.PCF8563_Set_Time  pcf8563.o
    0x08003bc0   0x00000002   Code   RO         1379    i.PostSleepProcessing  main.o
    0x08003bc2   0x00000008   Code   RO         1380    i.PreSleepProcessing  main.o
    0x08003bca   0x00000002   PAD
    0x08003bcc   0x00000078   Code   RO         2775    i.RCC_SetFlashLatencyFromMSIRange  stm32l1xx_hal_rcc.o
    0x08003c44   0x0000000c   Code   RO         1432    i.RTC_Alarm_IRQHandler  stm32l1xx_it.o
    0x08003c50   0x00000012   Code   RO         3445    i.RTC_Bcd2ToByte    stm32l1xx_hal_rtc.o
    0x08003c62   0x00000016   Code   RO         3446    i.RTC_ByteToBcd2    stm32l1xx_hal_rtc.o
    0x08003c78   0x0000003a   Code   RO         3447    i.RTC_EnterInitMode  stm32l1xx_hal_rtc.o
    0x08003cb2   0x00000002   PAD
    0x08003cb4   0x0000003c   Code   RO         2092    i.SDA_IN            pcf8563.o
    0x08003cf0   0x0000003c   Code   RO         2093    i.SDA_OUT           pcf8563.o
    0x08003d2c   0x00000064   Code   RO         1708    i.SD_IO_Init        sd_io_low.o
    0x08003d90   0x00000030   Code   RO         1709    i.SD_IO_ReadByte    sd_io_low.o
    0x08003dc0   0x00000024   Code   RO         1710    i.SD_IO_WaitResponse  sd_io_low.o
    0x08003de4   0x00000028   Code   RO         1711    i.SD_IO_WriteByte   sd_io_low.o
    0x08003e0c   0x0000005c   Code   RO         1712    i.SD_IO_WriteCmd    sd_io_low.o
    0x08003e68   0x0000001c   Code   RO         1713    i.SD_IO_WriteDummy  sd_io_low.o
    0x08003e84   0x00000010   Code   RO         6494    i.SD_SendCmd        stm32_adafruit_sd.o
    0x08003e94   0x0000009e   Code   RO         3854    i.SPI_WaitOnFlagUntilTimeout  stm32l1xx_hal_spi.o
    0x08003f32   0x00000002   PAD
    0x08003f34   0x00000014   Code   RO         1714    i.SPIx_Error        sd_io_low.o
    0x08003f48   0x00000050   Code   RO         1715    i.SPIx_Init         sd_io_low.o
    0x08003f98   0x0000008c   Code   RO         1716    i.SPIx_MspInit      sd_io_low.o
    0x08004024   0x0000000e   Code   RO         1433    i.SysTick_Handler   stm32l1xx_it.o
    0x08004032   0x00000002   PAD
    0x08004034   0x000004dc   Code   RO         1260    i.SysTime_Thread    sys_time_module.o
    0x08004510   0x000000a8   Code   RO         1381    i.SystemClock_Config  main.o
    0x080045b8   0x00000050   Code   RO         1099    i.SystemInit        system_stm32l1xx.o
    0x08004608   0x000002a0   Code   RO         4771    i.UART_SetConfig    stm32l1xx_hal_uart.o
    0x080048a8   0x00000092   Code   RO         4773    i.UART_WaitOnFlagUntilTimeout  stm32l1xx_hal_uart.o
    0x0800493a   0x00000002   PAD
    0x0800493c   0x000000ec   Code   RO         1136    i.USART1_IRQHandler  usart_module.o
    0x08004a28   0x00000028   Code   RO         1508    i.USART1_UART_Init  usart.o
    0x08004a50   0x00000002   Code   RO         1434    i.UsageFault_Handler  stm32l1xx_it.o
    0x08004a52   0x00000002   PAD
    0x08004a54   0x00000de8   Code   RO         1137    i.Usart1_Thread     usart_module.o
    0x0800583c   0x00000020   Code   RO         6779    i.__0printf$8       mc_w.l(printf8.o)
    0x0800585c   0x00000028   Code   RO         6780    i.__0snprintf$8     mc_w.l(printf8.o)
    0x08005884   0x00000028   Code   RO         6781    i.__0sprintf$8      mc_w.l(printf8.o)
    0x080058ac   0x0000000e   Code   RO         6895    i.__scatterload_copy  mc_w.l(handlers.o)
    0x080058ba   0x00000002   Code   RO         6896    i.__scatterload_null  mc_w.l(handlers.o)
    0x080058bc   0x0000000e   Code   RO         6897    i.__scatterload_zeroinit  mc_w.l(handlers.o)
    0x080058ca   0x00000002   PAD
    0x080058cc   0x00000410   Code   RO         6786    i._printf_core      mc_w.l(printf8.o)
    0x08005cdc   0x00000024   Code   RO         6787    i._printf_post_padding  mc_w.l(printf8.o)
    0x08005d00   0x0000002e   Code   RO         6788    i._printf_pre_padding  mc_w.l(printf8.o)
    0x08005d2e   0x00000016   Code   RO         6789    i._snputc           mc_w.l(printf8.o)
    0x08005d44   0x0000000a   Code   RO         6790    i._sputc            mc_w.l(printf8.o)
    0x08005d4e   0x00000002   PAD
    0x08005d50   0x00000032   Code   RO         2207    i.data_eeprom_read  eeprom.o
    0x08005d82   0x00000002   PAD
    0x08005d84   0x00000078   Code   RO         2208    i.data_eeprom_write  eeprom.o
    0x08005dfc   0x00000030   Code   RO            1    i.eTaskConfirmSleepModeStatus  tasks.o
    0x08005e2c   0x00000018   Code   RO         1509    i.fputc             usart.o
    0x08005e44   0x0000005c   Code   RO         1261    i.get_sys_time      sys_time_module.o
    0x08005ea0   0x0000000c   Code   RO          570    i.inHandlerMode     cmsis_os.o
    0x08005eac   0x00000090   Code   RO         1332    i.init_measure_module  measure_moudle.o
    0x08005f3c   0x0000006c   Code   RO         1263    i.init_sys_time_module  sys_time_module.o
    0x08005fa8   0x00000100   Code   RO         1138    i.init_usart_module  usart_module.o
    0x080060a8   0x00000026   Code   RO         1694    i.isLeapYear        time_related.o
    0x080060ce   0x00000002   PAD
    0x080060d0   0x00000060   Code   RO         1642    i.l_mktime          time_related.o
    0x08006130   0x00000016   Code   RO         1382    i.main              main.o
    0x08006146   0x0000000c   Code   RO          572    i.makeFreeRtosPriority  cmsis_os.o
    0x08006152   0x0000000e   Code   RO          573    i.osDelay           cmsis_os.o
    0x08006160   0x0000000a   Code   RO          576    i.osKernelStart     cmsis_os.o
    0x0800616a   0x00000006   Code   RO          588    i.osMutexCreate     cmsis_os.o
    0x08006170   0x00000048   Code   RO          590    i.osMutexRelease    cmsis_os.o
    0x080061b8   0x00000060   Code   RO          591    i.osMutexWait       cmsis_os.o
    0x08006218   0x0000002e   Code   RO          599    i.osSemaphoreCreate  cmsis_os.o
    0x08006246   0x00000002   PAD
    0x08006248   0x00000048   Code   RO          601    i.osSemaphoreRelease  cmsis_os.o
    0x08006290   0x00000060   Code   RO          602    i.osSemaphoreWait   cmsis_os.o
    0x080062f0   0x00000014   Code   RO          605    i.osSystickHandler  cmsis_os.o
    0x08006304   0x00000038   Code   RO          606    i.osThreadCreate    cmsis_os.o
    0x0800633c   0x00000034   Code   RO            3    i.prvAddCurrentTaskToDelayedList  tasks.o
    0x08006370   0x00000054   Code   RO            4    i.prvCheckTasksWaitingTermination  tasks.o
    0x080063c4   0x00000026   Code   RO          402    i.prvCopyDataFromQueue  queue.o
    0x080063ea   0x0000006e   Code   RO          403    i.prvCopyDataToQueue  queue.o
    0x08006458   0x00000024   Code   RO            5    i.prvGetExpectedIdleTime  tasks.o
    0x0800647c   0x0000004c   Code   RO         5839    i.prvHeapInit       heap_4.o
    0x080064c8   0x00000048   Code   RO            6    i.prvIdleTask       tasks.o
    0x08006510   0x0000004c   Code   RO         5840    i.prvInsertBlockIntoFreeList  heap_4.o
    0x0800655c   0x00000020   Code   RO            8    i.prvResetNextTaskUnblockTime  tasks.o
    0x0800657c   0x00000018   Code   RO         5757    i.prvTaskExitError  port.o
    0x08006594   0x00000064   Code   RO          404    i.prvUnlockQueue    queue.o
    0x080065f8   0x000000bc   Code   RO         5841    i.pvPortMalloc      heap_4.o
    0x080066b4   0x00000018   Code   RO           10    i.pvTaskIncrementMutexHeldCount  tasks.o
    0x080066cc   0x00000020   Code   RO         5758    i.pxPortInitialiseStack  port.o
    0x080066ec   0x0000001c   Code   RO         1333    i.start_measure     measure_moudle.o
    0x08006708   0x000000a4   Code   RO         1643    i.sync_time         time_related.o
    0x080067ac   0x00000024   Code   RO          357    i.uxListRemove      list.o
    0x080067d0   0x00000016   Code   RO          358    i.vListInitialise   list.o
    0x080067e6   0x00000006   Code   RO          359    i.vListInitialiseItem  list.o
    0x080067ec   0x00000030   Code   RO          360    i.vListInsert       list.o
    0x0800681c   0x00000018   Code   RO          361    i.vListInsertEnd    list.o
    0x08006834   0x00000034   Code   RO         5760    i.vPortEnterCritical  port.o
    0x08006868   0x00000024   Code   RO         5761    i.vPortExitCritical  port.o
    0x0800688c   0x00000048   Code   RO         5842    i.vPortFree         heap_4.o
    0x080068d4   0x00000044   Code   RO         5762    i.vPortSetupTimerInterrupt  port.o
    0x08006918   0x000000e0   Code   RO         5763    i.vPortSuppressTicksAndSleep  port.o
    0x080069f8   0x00000040   Code   RO         5764    i.vPortValidateInterruptPriority  port.o
    0x08006a38   0x00000018   Code   RO         5765    i.vPortYield        port.o
    0x08006a50   0x00000050   Code   RO           18    i.vTaskDelay        tasks.o
    0x08006aa0   0x0000000c   Code   RO           22    i.vTaskMissedYield  tasks.o
    0x08006aac   0x00000058   Code   RO           24    i.vTaskPlaceOnEventList  tasks.o
    0x08006b04   0x00000084   Code   RO           26    i.vTaskPriorityInherit  tasks.o
    0x08006b88   0x0000001c   Code   RO           30    i.vTaskSetTimeOutState  tasks.o
    0x08006ba4   0x00000054   Code   RO           31    i.vTaskStartScheduler  tasks.o
    0x08006bf8   0x00000020   Code   RO           32    i.vTaskStepTick     tasks.o
    0x08006c18   0x00000010   Code   RO           34    i.vTaskSuspendAll   tasks.o
    0x08006c28   0x00000054   Code   RO           35    i.vTaskSwitchContext  tasks.o
    0x08006c7c   0x00000074   Code   RO         5766    i.xPortStartScheduler  port.o
    0x08006cf0   0x00000024   Code   RO         5767    i.xPortSysTickHandler  port.o
    0x08006d14   0x0000002a   Code   RO          414    i.xQueueCreateCountingSemaphore  queue.o
    0x08006d3e   0x0000004a   Code   RO          415    i.xQueueCreateMutex  queue.o
    0x08006d88   0x00000050   Code   RO          416    i.xQueueGenericCreate  queue.o
    0x08006dd8   0x0000012e   Code   RO          417    i.xQueueGenericReceive  queue.o
    0x08006f06   0x0000006a   Code   RO          418    i.xQueueGenericReset  queue.o
    0x08006f70   0x00000114   Code   RO          419    i.xQueueGenericSend  queue.o
    0x08007084   0x00000076   Code   RO          422    i.xQueueGiveFromISR  queue.o
    0x080070fa   0x00000076   Code   RO          427    i.xQueueReceiveFromISR  queue.o
    0x08007170   0x00000058   Code   RO           36    i.xTaskCheckForTimeOut  tasks.o
    0x080071c8   0x0000018c   Code   RO           37    i.xTaskGenericCreate  tasks.o
    0x08007354   0x0000001c   Code   RO           41    i.xTaskGetSchedulerState  tasks.o
    0x08007370   0x000000c0   Code   RO           44    i.xTaskIncrementTick  tasks.o
    0x08007430   0x00000084   Code   RO           47    i.xTaskPriorityDisinherit  tasks.o
    0x080074b4   0x00000070   Code   RO           48    i.xTaskRemoveFromEventList  tasks.o
    0x08007524   0x000000ac   Code   RO           50    i.xTaskResumeAll    tasks.o
    0x080075d0   0x00000019   Data   RO         1100    .constdata          system_stm32l1xx.o
    0x080075e9   0x00000008   Data   RO         1101    .constdata          system_stm32l1xx.o
    0x080075f1   0x00000003   PAD
    0x080075f4   0x00000014   Data   RO         1140    .constdata          usart_module.o
    0x08007608   0x00000014   Data   RO         1266    .constdata          sys_time_module.o
    0x0800761c   0x00000014   Data   RO         1335    .constdata          measure_moudle.o
    0x08007630   0x00000034   Data   RO         1644    .constdata          time_related.o
    0x08007664   0x00000034   Data   RO         2043    .constdata          sensor.o
    0x08007698   0x00000200   Data   RO         2236    .constdata          crc.o
    0x08007898   0x00000007   Data   RO         1141    .conststring        usart_module.o
    0x0800789f   0x00000001   PAD
    0x080078a0   0x00000008   Data   RO         1267    .conststring        sys_time_module.o
    0x080078a8   0x00000008   Data   RO         1336    .conststring        measure_moudle.o
    0x080078b0   0x0000005b   Data   RO         2044    .conststring        sensor.o
    0x0800790b   0x00000001   PAD
    0x0800790c   0x00000020   Data   RO         6893    Region$$Table       anon$$obj.o


    Execution Region RW_IRAM1 (Base: 0x20000000, Size: 0x00002278, Max: 0x00002800, ABSOLUTE)

    Base Addr    Size         Type   Attr      Idx    E Section Name        Object

    0x20000000   0x00000038   Data   RW           53    .data               tasks.o
    0x20000038   0x00000004   Data   RW         1102    .data               system_stm32l1xx.o
    0x2000003c   0x00000030   Data   RW         1142    .data               usart_module.o
    0x2000006c   0x00000020   Data   RW         1268    .data               sys_time_module.o
    0x2000008c   0x0000000c   Data   RW         1337    .data               measure_moudle.o
    0x20000098   0x00000004   Data   RW         1718    .data               sd_io_low.o
    0x2000009c   0x0000000e   Data   RW         2094    .data               pcf8563.o
    0x200000aa   0x00000002   PAD
    0x200000ac   0x00000004   Data   RW         2399    .data               stm32l1xx_hal.o
    0x200000b0   0x00000018   Data   RW         5768    .data               port.o
    0x200000c8   0x00000018   Data   RW         5847    .data               heap_4.o
    0x200000e0   0x00000001   Data   RW         6495    .data               stm32_adafruit_sd.o
    0x200000e1   0x00000003   PAD
    0x200000e4   0x00000004   Data   RW         6867    .data               mc_w.l(stdout.o)
    0x200000e8   0x000000f0   Zero   RW           52    .bss                tasks.o
    0x200001d8   0x00000214   Zero   RW         1139    .bss                usart_module.o
    0x200003ec   0x00000014   Zero   RW         1265    .bss                sys_time_module.o
    0x20000400   0x00000040   Zero   RW         1510    .bss                usart.o
    0x20000440   0x00000020   Zero   RW         1562    .bss                rtc.o
    0x20000460   0x0000000c   Zero   RW         1603    .bss                iwdg.o
    0x2000046c   0x00000058   Zero   RW         1717    .bss                sd_io_low.o
    0x200004c4   0x00000054   Zero   RW         1834    .bss                adc.o
    0x20000518   0x00000124   Zero   RW         2038    .bss                sensor.o
    0x2000063c   0x00000011   Zero   RW         2039    .bss                sensor.o
    0x2000064d   0x00000011   Zero   RW         2040    .bss                sensor.o
    0x2000065e   0x00000200   Zero   RW         2041    .bss                sensor.o
    0x2000085e   0x00000200   Zero   RW         2042    .bss                sensor.o
    0x20000a5e   0x00000002   PAD
    0x20000a60   0x00000018   Zero   RW         3190    .bss                stm32l1xx_hal_flash.o
    0x20000a78   0x00001400   Zero   RW         5846    .bss                heap_4.o
    0x20001e78   0x00000400   Zero   RW          912    STACK               startup_stm32l152xc.o


==============================================================================

Image component sizes


      Code (inc. data)   RO Data    RW Data    ZI Data      Debug   Object Name

       184         20          0          0         84       1956   adc.o
       512         20          0          0          0      17790   cmsis_os.o
        40          6        512          0          0       1386   crc.o
       170          4          0          0          0       1679   eeprom.o
       228         16          0          0          0       1139   gpio.o
       412         24          0         24       5120       4707   heap_4.o
        28          8          0          0         12        784   iwdg.o
       136          0          0          0          0       3938   list.o
       200         10          0          0          0       2831   main.o
       472         74         28         12          0       3298   measure_moudle.o
      1438         60          0         14          0       9986   pcf8563.o
       838         84          0         24          0      11115   port.o
      1364          0          0          0          0      11877   queue.o
       208         24          0          0         32       2015   rtc.o
       584         62          0          4         88       6641   sd_io_low.o
      1312        100        143          0       1350       3775   sensor.o
        36          8        292          0       1024        876   startup_stm32l152xc.o
       332          4          0          1          0       4558   stm32_adafruit_sd.o
         0          0          0          0          0     441964   stm32l152c_discovery.o
       108         16          0          4          0       4353   stm32l1xx_hal.o
      1146         42          0          0          0       5947   stm32l1xx_hal_adc.o
       248         22          0          0          0      29212   stm32l1xx_hal_cortex.o
       204         14          0          0         24       1910   stm32l1xx_hal_flash.o
       272         26          0          0          0       4448   stm32l1xx_hal_flash_ex.o
       440         38          0          0          0       3950   stm32l1xx_hal_gpio.o
        94          0          0          0          0       2003   stm32l1xx_hal_iwdg.o
        72         14          0          0          0       1320   stm32l1xx_hal_pwr.o
        16          6          0          0          0        660   stm32l1xx_hal_pwr_ex.o
      2916        114          0          0          0       8635   stm32l1xx_hal_rcc.o
       392         14          0          0          0       1652   stm32l1xx_hal_rcc_ex.o
       846         26          0          0          0       6907   stm32l1xx_hal_rtc.o
       556          8          0          0          0       3909   stm32l1xx_hal_rtc_ex.o
      1220          0          0          0          0       6535   stm32l1xx_hal_spi.o
       132          0          0          0          0       1283   stm32l1xx_hal_spi_ex.o
      1118          6          0          0          0       4801   stm32l1xx_hal_uart.o
        44          6          0          0          0       4643   stm32l1xx_it.o
      1676        140         28         32         20       6170   sys_time_module.o
        80         18         33          4          0       1483   system_stm32l1xx.o
      2024        174          0         56        240      41398   tasks.o
       510         26         52          0          0       4647   time_related.o
         0          0          0          0          0       3172   timers.o
       192         30          0          0         64       2511   usart.o
      4052        232         27         48        532      13506   usart_module.o

    ----------------------------------------------------------------------
     26880       1496       1152        228       8592     697370   Object Totals
         0          0         32          0          0          0   (incl. Generated)
        28          0          5          5          2          0   (incl. Padding)

    ----------------------------------------------------------------------

      Code (inc. data)   RO Data    RW Data    ZI Data      Debug   Library Member Name

         0          0          0          0          0          0   entry.o
         0          0          0          0          0          0   entry10a.o
         0          0          0          0          0          0   entry11a.o
         8          4          0          0          0          0   entry2.o
         4          0          0          0          0          0   entry5.o
         0          0          0          0          0          0   entry7b.o
         0          0          0          0          0          0   entry8b.o
         8          4          0          0          0          0   entry9a.o
        30          0          0          0          0          0   handlers.o
        36          8          0          0          0         68   init.o
         0          0          0          0          0          0   iusefp.o
        30          0          0          0          0         68   llshl.o
        36          0          0          0          0         68   llsshr.o
        32          0          0          0          0         68   llushr.o
        36          0          0          0          0         68   memcpya.o
        36          0          0          0          0        108   memseta.o
      1266         64          0          0          0        656   printf8.o
         0          0          0          4          0          0   stdout.o
        42          0          0          0          0         84   strcasecmp.o
        28          0          0          0          0         76   strcmp.o
        14          0          0          0          0         68   strlen.o
        30          0          0          0          0         80   strncmp.o
        12          0          0          0          0         68   tolower.o
        98          0          0          0          0         92   uldiv.o
        56          0          0          0          0         88   d2f.o
       334          0          0          0          0        148   dadd.o
       186          0          0          0          0        176   depilogue.o
        50          0          0          0          0         76   dfixui.o
       228          0          0          0          0         96   dmul.o
        38          0          0          0          0         68   f2d.o
       124          0          0          0          0         88   fdiv.o
       110          0          0          0          0        168   fepilogue.o
        10          0          0          0          0         68   ffltui.o
       100          0          0          0          0         76   fmul.o

    ----------------------------------------------------------------------
      2988         80          0          4          0       2624   Library Totals
         6          0          0          0          0          0   (incl. Padding)

    ----------------------------------------------------------------------

      Code (inc. data)   RO Data    RW Data    ZI Data      Debug   Library Name

      1746         80          0          4          0       1572   mc_w.l
      1236          0          0          0          0       1052   mf_w.l

    ----------------------------------------------------------------------
      2988         80          0          4          0       2624   Library Totals

    ----------------------------------------------------------------------

==============================================================================


      Code (inc. data)   RO Data    RW Data    ZI Data      Debug   

     29868       1576       1152        232       8592     688342   Grand Totals
     29868       1576       1152        232       8592     688342   ELF Image Totals
     29868       1576       1152        232          0          0   ROM Totals

==============================================================================

    Total RO  Size (Code + RO Data)                31020 (  30.29kB)
    Total RW  Size (RW Data + ZI Data)              8824 (   8.62kB)
    Total ROM Size (Code + RO Data + RW Data)      31252 (  30.52kB)

==============================================================================

